Archive member included to satisfy reference by file (symbol)

C:/ST/STM32CubeCLT_1.16.0/GNU-tools-for-STM32/bin/../lib/gcc/arm-none-eabi/12.3.1/../../../../arm-none-eabi/lib/thumb/v7e-m+dp/hard\libc_nano.a(libc_a-exit.o)
                              C:/ST/STM32CubeCLT_1.16.0/GNU-tools-for-STM32/bin/../lib/gcc/arm-none-eabi/12.3.1/../../../../arm-none-eabi/lib/thumb/v7e-m+dp/hard/crt0.o (exit)
C:/ST/STM32CubeCLT_1.16.0/GNU-tools-for-STM32/bin/../lib/gcc/arm-none-eabi/12.3.1/../../../../arm-none-eabi/lib/thumb/v7e-m+dp/hard\libc_nano.a(libc_a-findfp.o)
                              C:/ST/STM32CubeCLT_1.16.0/GNU-tools-for-STM32/bin/../lib/gcc/arm-none-eabi/12.3.1/../../../../arm-none-eabi/lib/thumb/v7e-m+dp/hard\libc_nano.a(libc_a-exit.o) (__stdio_exit_handler)
C:/ST/STM32CubeCLT_1.16.0/GNU-tools-for-STM32/bin/../lib/gcc/arm-none-eabi/12.3.1/../../../../arm-none-eabi/lib/thumb/v7e-m+dp/hard\libc_nano.a(libc_a-fwalk.o)
                              C:/ST/STM32CubeCLT_1.16.0/GNU-tools-for-STM32/bin/../lib/gcc/arm-none-eabi/12.3.1/../../../../arm-none-eabi/lib/thumb/v7e-m+dp/hard\libc_nano.a(libc_a-findfp.o) (_fwalk_sglue)
C:/ST/STM32CubeCLT_1.16.0/GNU-tools-for-STM32/bin/../lib/gcc/arm-none-eabi/12.3.1/../../../../arm-none-eabi/lib/thumb/v7e-m+dp/hard\libc_nano.a(libc_a-puts.o)
                              build/main.o (puts)
C:/ST/STM32CubeCLT_1.16.0/GNU-tools-for-STM32/bin/../lib/gcc/arm-none-eabi/12.3.1/../../../../arm-none-eabi/lib/thumb/v7e-m+dp/hard\libc_nano.a(libc_a-stdio.o)
                              C:/ST/STM32CubeCLT_1.16.0/GNU-tools-for-STM32/bin/../lib/gcc/arm-none-eabi/12.3.1/../../../../arm-none-eabi/lib/thumb/v7e-m+dp/hard\libc_nano.a(libc_a-findfp.o) (__sread)
C:/ST/STM32CubeCLT_1.16.0/GNU-tools-for-STM32/bin/../lib/gcc/arm-none-eabi/12.3.1/../../../../arm-none-eabi/lib/thumb/v7e-m+dp/hard\libc_nano.a(libc_a-wbuf.o)
                              C:/ST/STM32CubeCLT_1.16.0/GNU-tools-for-STM32/bin/../lib/gcc/arm-none-eabi/12.3.1/../../../../arm-none-eabi/lib/thumb/v7e-m+dp/hard\libc_nano.a(libc_a-puts.o) (__swbuf_r)
C:/ST/STM32CubeCLT_1.16.0/GNU-tools-for-STM32/bin/../lib/gcc/arm-none-eabi/12.3.1/../../../../arm-none-eabi/lib/thumb/v7e-m+dp/hard\libc_nano.a(libc_a-wsetup.o)
                              C:/ST/STM32CubeCLT_1.16.0/GNU-tools-for-STM32/bin/../lib/gcc/arm-none-eabi/12.3.1/../../../../arm-none-eabi/lib/thumb/v7e-m+dp/hard\libc_nano.a(libc_a-puts.o) (__swsetup_r)
C:/ST/STM32CubeCLT_1.16.0/GNU-tools-for-STM32/bin/../lib/gcc/arm-none-eabi/12.3.1/../../../../arm-none-eabi/lib/thumb/v7e-m+dp/hard\libc_nano.a(libc_a-memset.o)
                              C:/ST/STM32CubeCLT_1.16.0/GNU-tools-for-STM32/bin/../lib/gcc/arm-none-eabi/12.3.1/../../../../arm-none-eabi/lib/thumb/v7e-m+dp/hard/crt0.o (memset)
C:/ST/STM32CubeCLT_1.16.0/GNU-tools-for-STM32/bin/../lib/gcc/arm-none-eabi/12.3.1/../../../../arm-none-eabi/lib/thumb/v7e-m+dp/hard\libc_nano.a(libc_a-closer.o)
                              C:/ST/STM32CubeCLT_1.16.0/GNU-tools-for-STM32/bin/../lib/gcc/arm-none-eabi/12.3.1/../../../../arm-none-eabi/lib/thumb/v7e-m+dp/hard\libc_nano.a(libc_a-stdio.o) (_close_r)
C:/ST/STM32CubeCLT_1.16.0/GNU-tools-for-STM32/bin/../lib/gcc/arm-none-eabi/12.3.1/../../../../arm-none-eabi/lib/thumb/v7e-m+dp/hard\libc_nano.a(libc_a-reent.o)
                              C:/ST/STM32CubeCLT_1.16.0/GNU-tools-for-STM32/bin/../lib/gcc/arm-none-eabi/12.3.1/../../../../arm-none-eabi/lib/thumb/v7e-m+dp/hard\libc_nano.a(libc_a-closer.o) (errno)
C:/ST/STM32CubeCLT_1.16.0/GNU-tools-for-STM32/bin/../lib/gcc/arm-none-eabi/12.3.1/../../../../arm-none-eabi/lib/thumb/v7e-m+dp/hard\libc_nano.a(libc_a-impure.o)
                              C:/ST/STM32CubeCLT_1.16.0/GNU-tools-for-STM32/bin/../lib/gcc/arm-none-eabi/12.3.1/../../../../arm-none-eabi/lib/thumb/v7e-m+dp/hard\libc_nano.a(libc_a-puts.o) (_impure_ptr)
C:/ST/STM32CubeCLT_1.16.0/GNU-tools-for-STM32/bin/../lib/gcc/arm-none-eabi/12.3.1/../../../../arm-none-eabi/lib/thumb/v7e-m+dp/hard\libc_nano.a(libc_a-lseekr.o)
                              C:/ST/STM32CubeCLT_1.16.0/GNU-tools-for-STM32/bin/../lib/gcc/arm-none-eabi/12.3.1/../../../../arm-none-eabi/lib/thumb/v7e-m+dp/hard\libc_nano.a(libc_a-stdio.o) (_lseek_r)
C:/ST/STM32CubeCLT_1.16.0/GNU-tools-for-STM32/bin/../lib/gcc/arm-none-eabi/12.3.1/../../../../arm-none-eabi/lib/thumb/v7e-m+dp/hard\libc_nano.a(libc_a-readr.o)
                              C:/ST/STM32CubeCLT_1.16.0/GNU-tools-for-STM32/bin/../lib/gcc/arm-none-eabi/12.3.1/../../../../arm-none-eabi/lib/thumb/v7e-m+dp/hard\libc_nano.a(libc_a-stdio.o) (_read_r)
C:/ST/STM32CubeCLT_1.16.0/GNU-tools-for-STM32/bin/../lib/gcc/arm-none-eabi/12.3.1/../../../../arm-none-eabi/lib/thumb/v7e-m+dp/hard\libc_nano.a(libc_a-writer.o)
                              C:/ST/STM32CubeCLT_1.16.0/GNU-tools-for-STM32/bin/../lib/gcc/arm-none-eabi/12.3.1/../../../../arm-none-eabi/lib/thumb/v7e-m+dp/hard\libc_nano.a(libc_a-stdio.o) (_write_r)
[...]
Memory Configuration

Name             Origin             Length             Attributes
DTCMRAM          0x20000000         0x00020000         xrw
RAM_D1           0x24000000         0x00080000         xrw
RAM_D2           0x30000000         0x00048000         xrw
RAM_D3           0x38000000         0x00010000         xrw
ITCMRAM          0x00000000         0x00010000         xrw
FLASH            0x08000000         0x00200000         xr
*default*        0x00000000         0xffffffff

Linker script and memory map

LOAD C:/ST/STM32CubeCLT_1.16.0/GNU-tools-for-STM32/bin/../lib/gcc/arm-none-eabi/12.3.1/thumb/v7e-m+dp/hard/crti.o
LOAD C:/ST/STM32CubeCLT_1.16.0/GNU-tools-for-STM32/bin/../lib/gcc/arm-none-eabi/12.3.1/thumb/v7e-m+dp/hard/crtbegin.o
LOAD C:/ST/STM32CubeCLT_1.16.0/GNU-tools-for-STM32/bin/../lib/gcc/arm-none-eabi/12.3.1/../../../../arm-none-eabi/lib/thumb/v7e-m+dp/hard/crt0.o
LOAD build/main.o
LOAD build/gpio.o
LOAD build/usart.o
LOAD build/stm32h7xx_it.o
LOAD build/stm32h7xx_hal_msp.o
LOAD build/stm32h7xx_hal_cortex.o
LOAD build/stm32h7xx_hal_tim.o
LOAD build/stm32h7xx_hal_tim_ex.o
LOAD build/stm32h7xx_hal_uart.o
LOAD build/stm32h7xx_hal_uart_ex.o
LOAD build/stm32h7xx_hal_rcc.o
LOAD build/stm32h7xx_hal_rcc_ex.o
LOAD build/stm32h7xx_hal_flash.o
LOAD build/stm32h7xx_hal_flash_ex.o
LOAD build/stm32h7xx_hal_gpio.o
LOAD build/stm32h7xx_hal_hsem.o
LOAD build/stm32h7xx_hal_dma.o
LOAD build/stm32h7xx_hal_dma_ex.o
LOAD build/stm32h7xx_hal_mdma.o
LOAD build/stm32h7xx_hal_pwr.o
LOAD build/stm32h7xx_hal_pwr_ex.o
LOAD build/stm32h7xx_hal.o
LOAD build/stm32h7xx_hal_i2c.o
LOAD build/stm32h7xx_hal_i2c_ex.o
LOAD build/stm32h7xx_hal_exti.o
LOAD build/stm32h7xx_hal_qspi.o
LOAD build/system_stm32h7xx.o
LOAD build/sysmem.o
LOAD build/syscalls.o
LOAD build/lcd.o
LOAD build/lcd_init.o
LOAD build/QSPI.o
LOAD build/startup_stm32h743xx.o
LOAD C:/ST/STM32CubeCLT_1.16.0/GNU-tools-for-STM32/bin/../lib/gcc/arm-none-eabi/12.3.1/../../../../arm-none-eabi/lib/thumb/v7e-m+dp/hard\libc_nano.a
LOAD C:/ST/STM32CubeCLT_1.16.0/GNU-tools-for-STM32/bin/../lib/gcc/arm-none-eabi/12.3.1/../../../../arm-none-eabi/lib/thumb/v7e-m+dp/hard\libm.a
LOAD C:/ST/STM32CubeCLT_1.16.0/GNU-tools-for-STM32/bin/../lib/gcc/arm-none-eabi/12.3.1/../../../../arm-none-eabi/lib/thumb/v7e-m+dp/hard\libnosys.a
START GROUP
LOAD C:/ST/STM32CubeCLT_1.16.0/GNU-tools-for-STM32/bin/../lib/gcc/arm-none-eabi/12.3.1/thumb/v7e-m+dp/hard\libgcc.a
LOAD C:/ST/STM32CubeCLT_1.16.0/GNU-tools-for-STM32/bin/../lib/gcc/arm-none-eabi/12.3.1/../../../../arm-none-eabi/lib/thumb/v7e-m+dp/hard\libc_nano.a
END GROUP
START GROUP
LOAD C:/ST/STM32CubeCLT_1.16.0/GNU-tools-for-STM32/bin/../lib/gcc/arm-none-eabi/12.3.1/thumb/v7e-m+dp/hard\libgcc.a
LOAD C:/ST/STM32CubeCLT_1.16.0/GNU-tools-for-STM32/bin/../lib/gcc/arm-none-eabi/12.3.1/../../../../arm-none-eabi/lib/thumb/v7e-m+dp/hard\libc_nano.a
END GROUP
LOAD C:/ST/STM32CubeCLT_1.16.0/GNU-tools-for-STM32/bin/../lib/gcc/arm-none-eabi/12.3.1/thumb/v7e-m+dp/hard/crtend.o
LOAD C:/ST/STM32CubeCLT_1.16.0/GNU-tools-for-STM32/bin/../lib/gcc/arm-none-eabi/12.3.1/thumb/v7e-m+dp/hard/crtn.o
                0x20020000                        _estack = (ORIGIN (DTCMRAM) + LENGTH (DTCMRAM))
                0x00000200                        _Min_Heap_Size = 0x200
                0x00000400                        _Min_Stack_Size = 0x400

.isr_vector     0x08000000      0x298
                0x08000000                        . = ALIGN (0x4)
 *(.isr_vector)
 .isr_vector    0x08000000      0x298 build/startup_stm32h743xx.o
                0x08000000                g_pfnVectors
                0x08000298                        . = ALIGN (0x4)

.text           0x08000298     0x43b8
                0x08000298                        . = ALIGN (0x4)
 *(.text)
 .text          0x08000298       0x40 C:/ST/STM32CubeCLT_1.16.0/GNU-tools-for-STM32/bin/../lib/gcc/arm-none-eabi/12.3.1/thumb/v7e-m+dp/hard/crtbegin.o
 .text          0x080002d8       0x30 C:/ST/STM32CubeCLT_1.16.0/GNU-tools-for-STM32/bin/../lib/gcc/arm-none-eabi/12.3.1/thumb/v7e-m+dp/hard\libgcc.a(_aeabi_uldivmod.o)
                0x080002d8                __aeabi_uldivmod
 .text          0x08000308      0x2bc C:/ST/STM32CubeCLT_1.16.0/GNU-tools-for-STM32/bin/../lib/gcc/arm-none-eabi/12.3.1/thumb/v7e-m+dp/hard\libgcc.a(_udivmoddi4.o)
                0x08000308                __udivmoddi4
 .text          0x080005c4        0x4 C:/ST/STM32CubeCLT_1.16.0/GNU-tools-for-STM32/bin/../lib/gcc/arm-none-eabi/12.3.1/thumb/v7e-m+dp/hard\libgcc.a(_dvmd_tls.o)
                0x080005c4                __aeabi_idiv0
                0x080005c4                __aeabi_ldiv0
 *(.text*)
 .text.Error_Handler
                0x080005c8        0x4 build/main.o
                0x080005c8                Error_Handler
 .text.SystemClock_Config
                0x080005cc       0xc0 build/main.o
                0x080005cc                SystemClock_Config
 .text.main     0x0800068c       0x2c build/main.o
                0x0800068c                main
 .text.MX_GPIO_Init
                0x080006b8       0x84 build/gpio.o
                0x080006b8                MX_GPIO_Init
 .text.__io_putchar
                0x0800073c       0x20 build/usart.o
                0x0800073c                __io_putchar
 .text.MX_USART1_UART_Init
                0x0800075c       0x68 build/usart.o
                0x0800075c                MX_USART1_UART_Init
 .text.HAL_UART_MspInit
                0x080007c4       0x98 build/usart.o
                0x080007c4                HAL_UART_MspInit
 .text.NMI_Handler
                0x0800085c        0x2 build/stm32h7xx_it.o
                0x0800085c                NMI_Handler
 .text.HardFault_Handler
                0x0800085e        0x2 build/stm32h7xx_it.o
                0x0800085e                HardFault_Handler
 .text.MemManage_Handler
                0x08000860        0x2 build/stm32h7xx_it.o
                0x08000860                MemManage_Handler
 .text.BusFault_Handler
                0x08000862        0x2 build/stm32h7xx_it.o
                0x08000862                BusFault_Handler
 .text.UsageFault_Handler
                0x08000864        0x2 build/stm32h7xx_it.o
                0x08000864                UsageFault_Handler
 .text.SVC_Handler
                0x08000866        0x2 build/stm32h7xx_it.o
                0x08000866                SVC_Handler
 .text.DebugMon_Handler
                0x08000868        0x2 build/stm32h7xx_it.o
                0x08000868                DebugMon_Handler
 .text.PendSV_Handler
                0x0800086a        0x2 build/stm32h7xx_it.o
                0x0800086a                PendSV_Handler
 .text.SysTick_Handler
                0x0800086c        0x8 build/stm32h7xx_it.o
                0x0800086c                SysTick_Handler
 .text.HAL_MspInit
                0x08000874       0x24 build/stm32h7xx_hal_msp.o
                0x08000874                HAL_MspInit
 .text.__NVIC_EnableIRQ
                0x08000898       0x1c build/stm32h7xx_hal_cortex.o
 .text.__NVIC_SetPriority
                0x080008b4       0x24 build/stm32h7xx_hal_cortex.o
 .text.NVIC_EncodePriority
                0x080008d8       0x3e build/stm32h7xx_hal_cortex.o
 *fill*         0x08000916        0x2 
 .text.HAL_NVIC_SetPriorityGrouping
                0x08000918       0x24 build/stm32h7xx_hal_cortex.o
                0x08000918                HAL_NVIC_SetPriorityGrouping
 .text.HAL_NVIC_SetPriority
                0x0800093c       0x20 build/stm32h7xx_hal_cortex.o
                0x0800093c                HAL_NVIC_SetPriority
 .text.HAL_NVIC_EnableIRQ
                0x0800095c        0x8 build/stm32h7xx_hal_cortex.o
                0x0800095c                HAL_NVIC_EnableIRQ
 .text.HAL_SYSTICK_Config
                0x08000964       0x28 build/stm32h7xx_hal_cortex.o
                0x08000964                HAL_SYSTICK_Config
 .text.UART_EndRxTransfer
                0x0800098c       0x58 build/stm32h7xx_hal_uart.o
 .text.UART_SetConfig
                0x080009e4      0x5f4 build/stm32h7xx_hal_uart.o
                0x080009e4                UART_SetConfig
 .text.UART_AdvFeatureConfig
                0x08000fd8       0xca build/stm32h7xx_hal_uart.o
                0x08000fd8                UART_AdvFeatureConfig
 .text.UART_WaitOnFlagUntilTimeout
                0x080010a2       0xa6 build/stm32h7xx_hal_uart.o
                0x080010a2                UART_WaitOnFlagUntilTimeout
 .text.HAL_UART_Transmit
                0x08001148       0xd0 build/stm32h7xx_hal_uart.o
                0x08001148                HAL_UART_Transmit
 .text.UART_CheckIdleState
                0x08001218       0xca build/stm32h7xx_hal_uart.o
                0x08001218                UART_CheckIdleState
 .text.HAL_UART_Init
                0x080012e2       0x66 build/stm32h7xx_hal_uart.o
                0x080012e2                HAL_UART_Init
 .text.UARTEx_SetNbDataToProcess
                0x08001348       0x4c build/stm32h7xx_hal_uart_ex.o
 .text.HAL_UARTEx_DisableFifoMode
                0x08001394       0x3e build/stm32h7xx_hal_uart_ex.o
                0x08001394                HAL_UARTEx_DisableFifoMode
 .text.HAL_UARTEx_SetTxFifoThreshold
                0x080013d2       0x4a build/stm32h7xx_hal_uart_ex.o
                0x080013d2                HAL_UARTEx_SetTxFifoThreshold
 .text.HAL_UARTEx_SetRxFifoThreshold
                0x0800141c       0x4a build/stm32h7xx_hal_uart_ex.o
                0x0800141c                HAL_UARTEx_SetRxFifoThreshold
 *fill*         0x08001466        0x2 
 .text.HAL_RCC_OscConfig
                0x08001468      0x6b4 build/stm32h7xx_hal_rcc.o
                0x08001468                HAL_RCC_OscConfig
 .text.HAL_RCC_GetSysClockFreq
                0x08001b1c      0x1f4 build/stm32h7xx_hal_rcc.o
                0x08001b1c                HAL_RCC_GetSysClockFreq
 .text.HAL_RCC_ClockConfig
                0x08001d10      0x294 build/stm32h7xx_hal_rcc.o
                0x08001d10                HAL_RCC_ClockConfig
 .text.HAL_RCC_GetHCLKFreq
                0x08001fa4       0x44 build/stm32h7xx_hal_rcc.o
                0x08001fa4                HAL_RCC_GetHCLKFreq
 .text.HAL_RCC_GetPCLK1Freq
                0x08001fe8       0x24 build/stm32h7xx_hal_rcc.o
                0x08001fe8                HAL_RCC_GetPCLK1Freq
 .text.HAL_RCC_GetPCLK2Freq
                0x0800200c       0x24 build/stm32h7xx_hal_rcc.o
                0x0800200c                HAL_RCC_GetPCLK2Freq
 .text.RCCEx_PLL2_Config
                0x08002030      0x10c build/stm32h7xx_hal_rcc_ex.o
 .text.RCCEx_PLL3_Config
                0x0800213c      0x10c build/stm32h7xx_hal_rcc_ex.o
 .text.HAL_RCCEx_PeriphCLKConfig
                0x08002248      0xa8c build/stm32h7xx_hal_rcc_ex.o
                0x08002248                HAL_RCCEx_PeriphCLKConfig
 .text.HAL_RCCEx_GetD3PCLK1Freq
                0x08002cd4       0x24 build/stm32h7xx_hal_rcc_ex.o
                0x08002cd4                HAL_RCCEx_GetD3PCLK1Freq
 .text.HAL_RCCEx_GetPLL2ClockFreq
                0x08002cf8      0x1fc build/stm32h7xx_hal_rcc_ex.o
                0x08002cf8                HAL_RCCEx_GetPLL2ClockFreq
 .text.HAL_RCCEx_GetPLL3ClockFreq
                0x08002ef4      0x1fc build/stm32h7xx_hal_rcc_ex.o
                0x08002ef4                HAL_RCCEx_GetPLL3ClockFreq
 .text.HAL_GPIO_Init
                0x080030f0      0x220 build/stm32h7xx_hal_gpio.o
                0x080030f0                HAL_GPIO_Init
 .text.HAL_GPIO_WritePin
                0x08003310        0xc build/stm32h7xx_hal_gpio.o
                0x08003310                HAL_GPIO_WritePin
 .text.HAL_PWREx_ConfigSupply
                0x0800331c       0x54 build/stm32h7xx_hal_pwr_ex.o
                0x0800331c                HAL_PWREx_ConfigSupply
 .text.HAL_InitTick
                0x08003370       0x50 build/stm32h7xx_hal.o
                0x08003370                HAL_InitTick
 .text.HAL_Init
                0x080033c0       0x5c build/stm32h7xx_hal.o
                0x080033c0                HAL_Init
 .text.HAL_IncTick
                0x0800341c       0x18 build/stm32h7xx_hal.o
                0x0800341c                HAL_IncTick
 .text.HAL_GetTick
                0x08003434        0xc build/stm32h7xx_hal.o
                0x08003434                HAL_GetTick
 .text.HAL_Delay
                0x08003440       0x28 build/stm32h7xx_hal.o
                0x08003440                HAL_Delay
 .text.HAL_GetREVID
                0x08003468        0xc build/stm32h7xx_hal.o
                0x08003468                HAL_GetREVID
 .text.QSPI_Config
                0x08003474      0x1d4 build/stm32h7xx_hal_qspi.o
 .text.QSPI_WaitFlagStateUntilTimeout
                0x08003648       0x54 build/stm32h7xx_hal_qspi.o
 .text.HAL_QSPI_MspInit
                0x0800369c        0x2 build/stm32h7xx_hal_qspi.o
                0x0800369c                HAL_QSPI_MspInit
 .text.HAL_QSPI_Command
                0x0800369e       0x9e build/stm32h7xx_hal_qspi.o
                0x0800369e                HAL_QSPI_Command
 .text.HAL_QSPI_Transmit
                0x0800373c       0xd2 build/stm32h7xx_hal_qspi.o
                0x0800373c                HAL_QSPI_Transmit
 .text.HAL_QSPI_SetTimeout
                0x0800380e        0x4 build/stm32h7xx_hal_qspi.o
                0x0800380e                HAL_QSPI_SetTimeout
 *fill*         0x08003812        0x2 
 .text.HAL_QSPI_Init
                0x08003814       0xa8 build/stm32h7xx_hal_qspi.o
                0x08003814                HAL_QSPI_Init
 .text.SystemInit
                0x080038bc       0xcc build/system_stm32h7xx.o
                0x080038bc                SystemInit
 .text._sbrk    0x08003988       0x48 build/sysmem.o
                0x08003988                _sbrk
 .text._read    0x080039d0       0x20 build/syscalls.o
                0x080039d0                _read
 .text._write   0x080039f0       0x1c build/syscalls.o
                0x080039f0                _write
 .text._close   0x08003a0c        0x6 build/syscalls.o
                0x08003a0c                _close
 .text._fstat   0x08003a12        0xa build/syscalls.o
                0x08003a12                _fstat
 .text._isatty  0x08003a1c        0x4 build/syscalls.o
                0x08003a1c                _isatty
 .text._lseek   0x08003a20        0x4 build/syscalls.o
                0x08003a20                _lseek
 .text.LCD_WR_REG
                0x08003a24       0x44 build/lcd_init.o
                0x08003a24                LCD_WR_REG
 .text.LCD_4LineTransmit_DATA
                0x08003a68       0x48 build/lcd_init.o
                0x08003a68                LCD_4LineTransmit_DATA
 .text.LCD_Init
                0x08003ab0       0x8c build/lcd_init.o
                0x08003ab0                LCD_Init
 .text.QSPI_GPIOInit
                0x08003b3c       0xe4 build/QSPI.o
                0x08003b3c                QSPI_GPIOInit
 .text.QSPI_Init
                0x08003c20       0x6c build/QSPI.o
                0x08003c20                QSPI_Init
 .text.Reset_Handler
                0x08003c8c       0x50 build/startup_stm32h743xx.o
                0x08003c8c                Reset_Handler
 .text.Default_Handler
                0x08003cdc        0x2 build/startup_stm32h743xx.o
                0x08003cdc                RTC_Alarm_IRQHandler
                0x08003cdc                EXTI2_IRQHandler
                0x08003cdc                TIM8_CC_IRQHandler
                0x08003cdc                HRTIM1_Master_IRQHandler
                0x08003cdc                UART8_IRQHandler
                0x08003cdc                SPI4_IRQHandler
                0x08003cdc                TIM1_CC_IRQHandler
                0x08003cdc                BDMA_Channel6_IRQHandler
                0x08003cdc                DMA2_Stream5_IRQHandler
                0x08003cdc                HRTIM1_FLT_IRQHandler
                0x08003cdc                JPEG_IRQHandler
                0x08003cdc                DMA1_Stream5_IRQHandler
                0x08003cdc                BDMA_Channel1_IRQHandler
                0x08003cdc                HRTIM1_TIMD_IRQHandler
                0x08003cdc                TAMP_STAMP_IRQHandler
                0x08003cdc                EXTI3_IRQHandler
                0x08003cdc                LPTIM4_IRQHandler
                0x08003cdc                TIM8_TRG_COM_TIM14_IRQHandler
                0x08003cdc                LPTIM2_IRQHandler
                0x08003cdc                DFSDM1_FLT1_IRQHandler
                0x08003cdc                DMAMUX2_OVR_IRQHandler
                0x08003cdc                TIM8_UP_TIM13_IRQHandler
                0x08003cdc                I2C3_ER_IRQHandler
                0x08003cdc                DFSDM1_FLT2_IRQHandler
                0x08003cdc                MDMA_IRQHandler
                0x08003cdc                LPTIM3_IRQHandler
                0x08003cdc                HSEM1_IRQHandler
                0x08003cdc                EXTI0_IRQHandler
                0x08003cdc                I2C2_EV_IRQHandler
                0x08003cdc                DMA1_Stream2_IRQHandler
                0x08003cdc                FPU_IRQHandler
                0x08003cdc                OTG_HS_WKUP_IRQHandler
                0x08003cdc                FDCAN1_IT1_IRQHandler
                0x08003cdc                LTDC_ER_IRQHandler
                0x08003cdc                DMA2_Stream2_IRQHandler
                0x08003cdc                HRTIM1_TIME_IRQHandler
                0x08003cdc                SPI1_IRQHandler
                0x08003cdc                TIM6_DAC_IRQHandler
                0x08003cdc                DCMI_IRQHandler
                0x08003cdc                HRTIM1_TIMC_IRQHandler
                0x08003cdc                DMA2_Stream3_IRQHandler
                0x08003cdc                SAI2_IRQHandler
                0x08003cdc                DFSDM1_FLT3_IRQHandler
                0x08003cdc                USART6_IRQHandler
                0x08003cdc                TIM17_IRQHandler
                0x08003cdc                USART3_IRQHandler
                0x08003cdc                BDMA_Channel7_IRQHandler
                0x08003cdc                LPTIM5_IRQHandler
                0x08003cdc                UART5_IRQHandler
                0x08003cdc                ADC3_IRQHandler
                0x08003cdc                DMA2_Stream0_IRQHandler
                0x08003cdc                TIM4_IRQHandler
                0x08003cdc                BDMA_Channel2_IRQHandler
                0x08003cdc                QUADSPI_IRQHandler
                0x08003cdc                I2C1_EV_IRQHandler
                0x08003cdc                DMA1_Stream6_IRQHandler
                0x08003cdc                DMAMUX1_OVR_IRQHandler
                0x08003cdc                DMA1_Stream1_IRQHandler
                0x08003cdc                TIM16_IRQHandler
                0x08003cdc                UART4_IRQHandler
                0x08003cdc                BDMA_Channel5_IRQHandler
                0x08003cdc                TIM3_IRQHandler
                0x08003cdc                RCC_IRQHandler
                0x08003cdc                TIM8_BRK_TIM12_IRQHandler
                0x08003cdc                TIM1_TRG_COM_IRQHandler
                0x08003cdc                Default_Handler
                0x08003cdc                ECC_IRQHandler
                0x08003cdc                CEC_IRQHandler
                0x08003cdc                EXTI15_10_IRQHandler
                0x08003cdc                BDMA_Channel0_IRQHandler
                0x08003cdc                ADC_IRQHandler
                0x08003cdc                DMA1_Stream7_IRQHandler
                0x08003cdc                HRTIM1_TIMA_IRQHandler
                0x08003cdc                SPI5_IRQHandler
                0x08003cdc                TIM7_IRQHandler
                0x08003cdc                SDMMC1_IRQHandler
                0x08003cdc                TIM5_IRQHandler
                0x08003cdc                DMA2_Stream7_IRQHandler
                0x08003cdc                TIM15_IRQHandler
                0x08003cdc                PVD_AVD_IRQHandler
                0x08003cdc                I2C3_EV_IRQHandler
                0x08003cdc                EXTI9_5_IRQHandler
                0x08003cdc                RTC_WKUP_IRQHandler
                0x08003cdc                LTDC_IRQHandler
                0x08003cdc                SAI3_IRQHandler
                0x08003cdc                ETH_WKUP_IRQHandler
                0x08003cdc                SPDIF_RX_IRQHandler
                0x08003cdc                SPI2_IRQHandler
                0x08003cdc                OTG_HS_EP1_IN_IRQHandler
                0x08003cdc                DMA1_Stream0_IRQHandler
                0x08003cdc                CRS_IRQHandler
                0x08003cdc                EXTI4_IRQHandler
                0x08003cdc                RNG_IRQHandler
                0x08003cdc                HRTIM1_TIMB_IRQHandler
                0x08003cdc                FDCAN2_IT1_IRQHandler
                0x08003cdc                ETH_IRQHandler
                0x08003cdc                TIM1_UP_IRQHandler
                0x08003cdc                BDMA_Channel4_IRQHandler
                0x08003cdc                OTG_HS_EP1_OUT_IRQHandler
                0x08003cdc                WWDG_IRQHandler
                0x08003cdc                SPI6_IRQHandler
                0x08003cdc                MDIOS_IRQHandler
                0x08003cdc                I2C4_EV_IRQHandler
                0x08003cdc                FDCAN2_IT0_IRQHandler
                0x08003cdc                LPUART1_IRQHandler
                0x08003cdc                FDCAN1_IT0_IRQHandler
                0x08003cdc                TIM2_IRQHandler
                0x08003cdc                OTG_FS_WKUP_IRQHandler
                0x08003cdc                OTG_HS_IRQHandler
                0x08003cdc                DMA2D_IRQHandler
                0x08003cdc                TIM1_BRK_IRQHandler
                0x08003cdc                EXTI1_IRQHandler
                0x08003cdc                SDMMC2_IRQHandler
                0x08003cdc                OTG_FS_EP1_OUT_IRQHandler
                0x08003cdc                BDMA_Channel3_IRQHandler
                0x08003cdc                UART7_IRQHandler
                0x08003cdc                MDIOS_WKUP_IRQHandler
                0x08003cdc                USART2_IRQHandler
                0x08003cdc                DFSDM1_FLT0_IRQHandler
                0x08003cdc                SAI4_IRQHandler
                0x08003cdc                I2C2_ER_IRQHandler
                0x08003cdc                DMA2_Stream1_IRQHandler
                0x08003cdc                FLASH_IRQHandler
                0x08003cdc                DMA2_Stream4_IRQHandler
                0x08003cdc                USART1_IRQHandler
                0x08003cdc                OTG_FS_IRQHandler
                0x08003cdc                SPI3_IRQHandler
                0x08003cdc                WAKEUP_PIN_IRQHandler
                0x08003cdc                DMA1_Stream4_IRQHandler
                0x08003cdc                OTG_FS_EP1_IN_IRQHandler
                0x08003cdc                I2C1_ER_IRQHandler
                0x08003cdc                FMC_IRQHandler
                0x08003cdc                FDCAN_CAL_IRQHandler
                0x08003cdc                SWPMI1_IRQHandler
                0x08003cdc                COMP1_IRQHandler
                0x08003cdc                LPTIM1_IRQHandler
                0x08003cdc                I2C4_ER_IRQHandler
                0x08003cdc                DMA2_Stream6_IRQHandler
                0x08003cdc                SAI1_IRQHandler
                0x08003cdc                DMA1_Stream3_IRQHandler
 *fill*         0x08003cde        0x2 
 .text.std      0x08003ce0       0x6c C:/ST/STM32CubeCLT_1.16.0/GNU-tools-for-STM32/bin/../lib/gcc/arm-none-eabi/12.3.1/../../../../arm-none-eabi/lib/thumb/v7e-m+dp/hard\libc_nano.a(libc_a-findfp.o)
 .text.stdio_exit_handler
                0x08003d4c       0x18 C:/ST/STM32CubeCLT_1.16.0/GNU-tools-for-STM32/bin/../lib/gcc/arm-none-eabi/12.3.1/../../../../arm-none-eabi/lib/thumb/v7e-m+dp/hard\libc_nano.a(libc_a-findfp.o)
 .text.cleanup_stdio
                0x08003d64       0x40 C:/ST/STM32CubeCLT_1.16.0/GNU-tools-for-STM32/bin/../lib/gcc/arm-none-eabi/12.3.1/../../../../arm-none-eabi/lib/thumb/v7e-m+dp/hard\libc_nano.a(libc_a-findfp.o)
 .text.global_stdio_init.part.0
                0x08003da4       0x3c C:/ST/STM32CubeCLT_1.16.0/GNU-tools-for-STM32/bin/../lib/gcc/arm-none-eabi/12.3.1/../../../../arm-none-eabi/lib/thumb/v7e-m+dp/hard\libc_nano.a(libc_a-findfp.o)
 .text.__sfp_lock_acquire
                0x08003de0        0xc C:/ST/STM32CubeCLT_1.16.0/GNU-tools-for-STM32/bin/../lib/gcc/arm-none-eabi/12.3.1/../../../../arm-none-eabi/lib/thumb/v7e-m+dp/hard\libc_nano.a(libc_a-findfp.o)
                0x08003de0                __sfp_lock_acquire
 .text.__sfp_lock_release
                0x08003dec        0xc C:/ST/STM32CubeCLT_1.16.0/GNU-tools-for-STM32/bin/../lib/gcc/arm-none-eabi/12.3.1/../../../../arm-none-eabi/lib/thumb/v7e-m+dp/hard\libc_nano.a(libc_a-findfp.o)
                0x08003dec                __sfp_lock_release
 .text.__sinit  0x08003df8       0x30 C:/ST/STM32CubeCLT_1.16.0/GNU-tools-for-STM32/bin/../lib/gcc/arm-none-eabi/12.3.1/../../../../arm-none-eabi/lib/thumb/v7e-m+dp/hard\libc_nano.a(libc_a-findfp.o)
                0x08003df8                __sinit
 .text._fwalk_sglue
                0x08003e28       0x3c C:/ST/STM32CubeCLT_1.16.0/GNU-tools-for-STM32/bin/../lib/gcc/arm-none-eabi/12.3.1/../../../../arm-none-eabi/lib/thumb/v7e-m+dp/hard\libc_nano.a(libc_a-fwalk.o)
                0x08003e28                _fwalk_sglue
 .text._puts_r  0x08003e64       0xaa C:/ST/STM32CubeCLT_1.16.0/GNU-tools-for-STM32/bin/../lib/gcc/arm-none-eabi/12.3.1/../../../../arm-none-eabi/lib/thumb/v7e-m+dp/hard\libc_nano.a(libc_a-puts.o)
                0x08003e64                _puts_r
 *fill*         0x08003f0e        0x2 
 .text.puts     0x08003f10       0x10 C:/ST/STM32CubeCLT_1.16.0/GNU-tools-for-STM32/bin/../lib/gcc/arm-none-eabi/12.3.1/../../../../arm-none-eabi/lib/thumb/v7e-m+dp/hard\libc_nano.a(libc_a-puts.o)
                0x08003f10                puts
 .text.__sread  0x08003f20       0x22 C:/ST/STM32CubeCLT_1.16.0/GNU-tools-for-STM32/bin/../lib/gcc/arm-none-eabi/12.3.1/../../../../arm-none-eabi/lib/thumb/v7e-m+dp/hard\libc_nano.a(libc_a-stdio.o)
                0x08003f20                __sread
 .text.__swrite
                0x08003f42       0x38 C:/ST/STM32CubeCLT_1.16.0/GNU-tools-for-STM32/bin/../lib/gcc/arm-none-eabi/12.3.1/../../../../arm-none-eabi/lib/thumb/v7e-m+dp/hard\libc_nano.a(libc_a-stdio.o)
                0x08003f42                __swrite
 .text.__sseek  0x08003f7a       0x24 C:/ST/STM32CubeCLT_1.16.0/GNU-tools-for-STM32/bin/../lib/gcc/arm-none-eabi/12.3.1/../../../../arm-none-eabi/lib/thumb/v7e-m+dp/hard\libc_nano.a(libc_a-stdio.o)
                0x08003f7a                __sseek
 .text.__sclose
                0x08003f9e        0x8 C:/ST/STM32CubeCLT_1.16.0/GNU-tools-for-STM32/bin/../lib/gcc/arm-none-eabi/12.3.1/../../../../arm-none-eabi/lib/thumb/v7e-m+dp/hard\libc_nano.a(libc_a-stdio.o)
                0x08003f9e                __sclose
 .text.__swbuf_r
                0x08003fa6       0x7c C:/ST/STM32CubeCLT_1.16.0/GNU-tools-for-STM32/bin/../lib/gcc/arm-none-eabi/12.3.1/../../../../arm-none-eabi/lib/thumb/v7e-m+dp/hard\libc_nano.a(libc_a-wbuf.o)
                0x08003fa6                __swbuf_r
 *fill*         0x08004022        0x2 
 .text.__swsetup_r
                0x08004024       0xac C:/ST/STM32CubeCLT_1.16.0/GNU-tools-for-STM32/bin/../lib/gcc/arm-none-eabi/12.3.1/../../../../arm-none-eabi/lib/thumb/v7e-m+dp/hard\libc_nano.a(libc_a-wsetup.o)
                0x08004024                __swsetup_r
 .text.memset   0x080040d0       0x10 C:/ST/STM32CubeCLT_1.16.0/GNU-tools-for-STM32/bin/../lib/gcc/arm-none-eabi/12.3.1/../../../../arm-none-eabi/lib/thumb/v7e-m+dp/hard\libc_nano.a(libc_a-memset.o)
                0x080040d0                memset
 .text._close_r
                0x080040e0       0x20 C:/ST/STM32CubeCLT_1.16.0/GNU-tools-for-STM32/bin/../lib/gcc/arm-none-eabi/12.3.1/../../../../arm-none-eabi/lib/thumb/v7e-m+dp/hard\libc_nano.a(libc_a-closer.o)
                0x080040e0                _close_r
 .text._lseek_r
                0x08004100       0x24 C:/ST/STM32CubeCLT_1.16.0/GNU-tools-for-STM32/bin/../lib/gcc/arm-none-eabi/12.3.1/../../../../arm-none-eabi/lib/thumb/v7e-m+dp/hard\libc_nano.a(libc_a-lseekr.o)
                0x08004100                _lseek_r
 .text._read_r  0x08004124       0x24 C:/ST/STM32CubeCLT_1.16.0/GNU-tools-for-STM32/bin/../lib/gcc/arm-none-eabi/12.3.1/../../../../arm-none-eabi/lib/thumb/v7e-m+dp/hard\libc_nano.a(libc_a-readr.o)
                0x08004124                _read_r
 .text._write_r
                0x08004148       0x24 C:/ST/STM32CubeCLT_1.16.0/GNU-tools-for-STM32/bin/../lib/gcc/arm-none-eabi/12.3.1/../../../../arm-none-eabi/lib/thumb/v7e-m+dp/hard\libc_nano.a(libc_a-writer.o)
                0x08004148                _write_r
 .text.__errno  0x0800416c        0xc C:/ST/STM32CubeCLT_1.16.0/GNU-tools-for-STM32/bin/../lib/gcc/arm-none-eabi/12.3.1/../../../../arm-none-eabi/lib/thumb/v7e-m+dp/hard\libc_nano.a(libc_a-errno.o)
                0x0800416c                __errno
 .text.__libc_init_array
                0x08004178       0x48 C:/ST/STM32CubeCLT_1.16.0/GNU-tools-for-STM32/bin/../lib/gcc/arm-none-eabi/12.3.1/../../../../arm-none-eabi/lib/thumb/v7e-m+dp/hard\libc_nano.a(libc_a-init.o)
                0x08004178                __libc_init_array
 .text.__retarget_lock_init_recursive
                0x080041c0        0x2 C:/ST/STM32CubeCLT_1.16.0/GNU-tools-for-STM32/bin/../lib/gcc/arm-none-eabi/12.3.1/../../../../arm-none-eabi/lib/thumb/v7e-m+dp/hard\libc_nano.a(libc_a-lock.o)
                0x080041c0                __retarget_lock_init_recursive
 .text.__retarget_lock_acquire_recursive
                0x080041c2        0x2 C:/ST/STM32CubeCLT_1.16.0/GNU-tools-for-STM32/bin/../lib/gcc/arm-none-eabi/12.3.1/../../../../arm-none-eabi/lib/thumb/v7e-m+dp/hard\libc_nano.a(libc_a-lock.o)
                0x080041c2                __retarget_lock_acquire_recursive
 .text.__retarget_lock_release_recursive
                0x080041c4        0x2 C:/ST/STM32CubeCLT_1.16.0/GNU-tools-for-STM32/bin/../lib/gcc/arm-none-eabi/12.3.1/../../../../arm-none-eabi/lib/thumb/v7e-m+dp/hard\libc_nano.a(libc_a-lock.o)
                0x080041c4                __retarget_lock_release_recursive
 *fill*         0x080041c6        0x2 
 .text._free_r  0x080041c8       0x94 C:/ST/STM32CubeCLT_1.16.0/GNU-tools-for-STM32/bin/../lib/gcc/arm-none-eabi/12.3.1/../../../../arm-none-eabi/lib/thumb/v7e-m+dp/hard\libc_nano.a(libc_a-freer.o)
                0x080041c8                _free_r
 .text.sbrk_aligned
                0x0800425c       0x44 C:/ST/STM32CubeCLT_1.16.0/GNU-tools-for-STM32/bin/../lib/gcc/arm-none-eabi/12.3.1/../../../../arm-none-eabi/lib/thumb/v7e-m+dp/hard\libc_nano.a(libc_a-mallocr.o)
 .text._malloc_r
                0x080042a0      0x100 C:/ST/STM32CubeCLT_1.16.0/GNU-tools-for-STM32/bin/../lib/gcc/arm-none-eabi/12.3.1/../../../../arm-none-eabi/lib/thumb/v7e-m+dp/hard\libc_nano.a(libc_a-mallocr.o)
                0x080042a0                _malloc_r
 .text.__malloc_lock
                0x080043a0        0xc C:/ST/STM32CubeCLT_1.16.0/GNU-tools-for-STM32/bin/../lib/gcc/arm-none-eabi/12.3.1/../../../../arm-none-eabi/lib/thumb/v7e-m+dp/hard\libc_nano.a(libc_a-mlock.o)
                0x080043a0                __malloc_lock
 .text.__malloc_unlock
                0x080043ac        0xc C:/ST/STM32CubeCLT_1.16.0/GNU-tools-for-STM32/bin/../lib/gcc/arm-none-eabi/12.3.1/../../../../arm-none-eabi/lib/thumb/v7e-m+dp/hard\libc_nano.a(libc_a-mlock.o)
                0x080043ac                __malloc_unlock
 .text.__sflush_r
                0x080043b8      0x108 C:/ST/STM32CubeCLT_1.16.0/GNU-tools-for-STM32/bin/../lib/gcc/arm-none-eabi/12.3.1/../../../../arm-none-eabi/lib/thumb/v7e-m+dp/hard\libc_nano.a(libc_a-fflush.o)
                0x080043b8                __sflush_r
 .text._fflush_r
                0x080044c0       0x50 C:/ST/STM32CubeCLT_1.16.0/GNU-tools-for-STM32/bin/../lib/gcc/arm-none-eabi/12.3.1/../../../../arm-none-eabi/lib/thumb/v7e-m+dp/hard\libc_nano.a(libc_a-fflush.o)
                0x080044c0                _fflush_r
 .text.__swhatbuf_r
                0x08004510       0x4c C:/ST/STM32CubeCLT_1.16.0/GNU-tools-for-STM32/bin/../lib/gcc/arm-none-eabi/12.3.1/../../../../arm-none-eabi/lib/thumb/v7e-m+dp/hard\libc_nano.a(libc_a-makebuf.o)
                0x08004510                __swhatbuf_r
 .text.__smakebuf_r
                0x0800455c       0x78 C:/ST/STM32CubeCLT_1.16.0/GNU-tools-for-STM32/bin/../lib/gcc/arm-none-eabi/12.3.1/../../../../arm-none-eabi/lib/thumb/v7e-m+dp/hard\libc_nano.a(libc_a-makebuf.o)
                0x0800455c                __smakebuf_r
 .text._fstat_r
                0x080045d4       0x24 C:/ST/STM32CubeCLT_1.16.0/GNU-tools-for-STM32/bin/../lib/gcc/arm-none-eabi/12.3.1/../../../../arm-none-eabi/lib/thumb/v7e-m+dp/hard\libc_nano.a(libc_a-fstatr.o)
                0x080045d4                _fstat_r
 .text._isatty_r
                0x080045f8       0x20 C:/ST/STM32CubeCLT_1.16.0/GNU-tools-for-STM32/bin/../lib/gcc/arm-none-eabi/12.3.1/../../../../arm-none-eabi/lib/thumb/v7e-m+dp/hard\libc_nano.a(libc_a-isattyr.o)
                0x080045f8                _isatty_r
 .text._sbrk_r  0x08004618       0x20 C:/ST/STM32CubeCLT_1.16.0/GNU-tools-for-STM32/bin/../lib/gcc/arm-none-eabi/12.3.1/../../../../arm-none-eabi/lib/thumb/v7e-m+dp/hard\libc_nano.a(libc_a-sbrkr.o)
                0x08004618                _sbrk_r
 *(.glue_7)
 .glue_7        0x08004638        0x0 linker stubs
 *(.glue_7t)
 .glue_7t       0x08004638        0x0 linker stubs
 *(.eh_frame)
 .eh_frame      0x08004638        0x0 C:/ST/STM32CubeCLT_1.16.0/GNU-tools-for-STM32/bin/../lib/gcc/arm-none-eabi/12.3.1/thumb/v7e-m+dp/hard/crtbegin.o
 *(.init)
 .init          0x08004638        0x4 C:/ST/STM32CubeCLT_1.16.0/GNU-tools-for-STM32/bin/../lib/gcc/arm-none-eabi/12.3.1/thumb/v7e-m+dp/hard/crti.o
                0x08004638                _init
 .init          0x0800463c        0x8 C:/ST/STM32CubeCLT_1.16.0/GNU-tools-for-STM32/bin/../lib/gcc/arm-none-eabi/12.3.1/thumb/v7e-m+dp/hard/crtn.o
 *(.fini)
 .fini          0x08004644        0x4 C:/ST/STM32CubeCLT_1.16.0/GNU-tools-for-STM32/bin/../lib/gcc/arm-none-eabi/12.3.1/thumb/v7e-m+dp/hard/crti.o
                0x08004644                _fini
 .fini          0x08004648        0x8 C:/ST/STM32CubeCLT_1.16.0/GNU-tools-for-STM32/bin/../lib/gcc/arm-none-eabi/12.3.1/thumb/v7e-m+dp/hard/crtn.o
                0x08004650                        . = ALIGN (0x4)
                0x08004650                        _etext = .

.vfp11_veneer   0x08004650        0x0
 .vfp11_veneer  0x08004650        0x0 linker stubs

.v4_bx          0x08004650        0x0
 .v4_bx         0x08004650        0x0 linker stubs

.iplt           0x08004650        0x0
 .iplt          0x08004650        0x0 C:/ST/STM32CubeCLT_1.16.0/GNU-tools-for-STM32/bin/../lib/gcc/arm-none-eabi/12.3.1/thumb/v7e-m+dp/hard/crtbegin.o

.rodata         0x08004650       0x48
                0x08004650                        . = ALIGN (0x4)
 *(.rodata)
 *(.rodata*)
 .rodata.main.str1.4
                0x08004650        0xe build/main.o
 *fill*         0x0800465e        0x2 
 .rodata.UARTPrescTable
                0x08004660       0x18 build/stm32h7xx_hal_uart.o
                0x08004660                UARTPrescTable
 .rodata.denominator.0
                0x08004678        0x8 build/stm32h7xx_hal_uart_ex.o
 .rodata.numerator.1
                0x08004680        0x8 build/stm32h7xx_hal_uart_ex.o
 .rodata.D1CorePrescTable
                0x08004688       0x10 build/system_stm32h7xx.o
                0x08004688                D1CorePrescTable
                0x08004698                        . = ALIGN (0x4)

.ARM.extab
 *(.ARM.extab* .gnu.linkonce.armextab.*)

.ARM            0x08004698        0x8
                0x08004698                        __exidx_start = .
 *(.ARM.exidx*)
 .ARM.exidx     0x08004698        0x8 C:/ST/STM32CubeCLT_1.16.0/GNU-tools-for-STM32/bin/../lib/gcc/arm-none-eabi/12.3.1/thumb/v7e-m+dp/hard\libgcc.a(_udivmoddi4.o)
                0x080046a0                        __exidx_end = .

.rel.dyn        0x080046a0        0x0
 .rel.iplt      0x080046a0        0x0 C:/ST/STM32CubeCLT_1.16.0/GNU-tools-for-STM32/bin/../lib/gcc/arm-none-eabi/12.3.1/thumb/v7e-m+dp/hard/crtbegin.o

.preinit_array  0x080046a0        0x0
                0x080046a0                        PROVIDE (__preinit_array_start = .)
 *(.preinit_array*)
                0x080046a0                        PROVIDE (__preinit_array_end = .)

.init_array     0x080046a0        0x4
                0x080046a0                        PROVIDE (__init_array_start = .)
 *(SORT_BY_NAME(.init_array.*))
 *(.init_array*)
 .init_array    0x080046a0        0x4 C:/ST/STM32CubeCLT_1.16.0/GNU-tools-for-STM32/bin/../lib/gcc/arm-none-eabi/12.3.1/thumb/v7e-m+dp/hard/crtbegin.o
                0x080046a4                        PROVIDE (__init_array_end = .)

.fini_array     0x080046a4        0x4
                [!provide]                        PROVIDE (__fini_array_start = .)
 *(SORT_BY_NAME(.fini_array.*))
 *(.fini_array*)
 .fini_array    0x080046a4        0x4 C:/ST/STM32CubeCLT_1.16.0/GNU-tools-for-STM32/bin/../lib/gcc/arm-none-eabi/12.3.1/thumb/v7e-m+dp/hard/crtbegin.o
                [!provide]                        PROVIDE (__fini_array_end = .)
                0x080046a8                        _sidata = LOADADDR (.data)

.data           0x20000000      0x17c load address 0x080046a8
                0x20000000                        . = ALIGN (0x4)
                0x20000000                        _sdata = .
 *(.data)
 *(.data*)
 .data.uwTickFreq
                0x20000000        0x1 build/stm32h7xx_hal.o
                0x20000000                uwTickFreq
 *fill*         0x20000001        0x3 
 .data.uwTickPrio
                0x20000004        0x4 build/stm32h7xx_hal.o
                0x20000004                uwTickPrio
 .data.SystemD2Clock
                0x20000008        0x4 build/system_stm32h7xx.o
                0x20000008                SystemD2Clock
 .data.SystemCoreClock
                0x2000000c        0x4 build/system_stm32h7xx.o
                0x2000000c                SystemCoreClock
 .data.SPD2010_init_cmds
                0x20000010      0x10e build/lcd_init.o
                0x20000010                SPD2010_init_cmds
 *fill*         0x2000011e        0x2 
 .data.__sglue  0x20000120        0xc C:/ST/STM32CubeCLT_1.16.0/GNU-tools-for-STM32/bin/../lib/gcc/arm-none-eabi/12.3.1/../../../../arm-none-eabi/lib/thumb/v7e-m+dp/hard\libc_nano.a(libc_a-findfp.o)
                0x20000120                __sglue
 .data._impure_ptr
                0x2000012c        0x4 C:/ST/STM32CubeCLT_1.16.0/GNU-tools-for-STM32/bin/../lib/gcc/arm-none-eabi/12.3.1/../../../../arm-none-eabi/lib/thumb/v7e-m+dp/hard\libc_nano.a(libc_a-impure.o)
                0x2000012c                _impure_ptr
 .data._impure_data
                0x20000130       0x4c C:/ST/STM32CubeCLT_1.16.0/GNU-tools-for-STM32/bin/../lib/gcc/arm-none-eabi/12.3.1/../../../../arm-none-eabi/lib/thumb/v7e-m+dp/hard\libc_nano.a(libc_a-impure.o)
                0x20000130                _impure_data
                0x2000017c                        . = ALIGN (0x4)
                0x2000017c                        _edata = .

.igot.plt       0x2000017c        0x0 load address 0x08004824
 .igot.plt      0x2000017c        0x0 C:/ST/STM32CubeCLT_1.16.0/GNU-tools-for-STM32/bin/../lib/gcc/arm-none-eabi/12.3.1/thumb/v7e-m+dp/hard/crtbegin.o
                0x2000017c                        . = ALIGN (0x4)

.bss            0x2000017c      0x288 load address 0x08004824
                0x2000017c                        _sbss = .
                0x2000017c                        __bss_start__ = _sbss
 *(.bss)
 .bss           0x2000017c       0x1c C:/ST/STM32CubeCLT_1.16.0/GNU-tools-for-STM32/bin/../lib/gcc/arm-none-eabi/12.3.1/thumb/v7e-m+dp/hard/crtbegin.o
 *(.bss*)
 .bss.huart1    0x20000198       0x94 build/usart.o
                0x20000198                huart1
 .bss.uwTick    0x2000022c        0x4 build/stm32h7xx_hal.o
                0x2000022c                uwTick
 .bss.__sbrk_heap_end
                0x20000230        0x4 build/sysmem.o
 .bss.QSPI_CmdInitStructure
                0x20000234       0x38 build/QSPI.o
                0x20000234                QSPI_CmdInitStructure
 .bss.QSPI_Handler
                0x2000026c       0x4c build/QSPI.o
                0x2000026c                QSPI_Handler
 .bss.__sf      0x200002b8      0x138 C:/ST/STM32CubeCLT_1.16.0/GNU-tools-for-STM32/bin/../lib/gcc/arm-none-eabi/12.3.1/../../../../arm-none-eabi/lib/thumb/v7e-m+dp/hard\libc_nano.a(libc_a-findfp.o)
                0x200002b8                __sf
 .bss.__stdio_exit_handler
                0x200003f0        0x4 C:/ST/STM32CubeCLT_1.16.0/GNU-tools-for-STM32/bin/../lib/gcc/arm-none-eabi/12.3.1/../../../../arm-none-eabi/lib/thumb/v7e-m+dp/hard\libc_nano.a(libc_a-findfp.o)
                0x200003f0                __stdio_exit_handler
 .bss.errno     0x200003f4        0x4 C:/ST/STM32CubeCLT_1.16.0/GNU-tools-for-STM32/bin/../lib/gcc/arm-none-eabi/12.3.1/../../../../arm-none-eabi/lib/thumb/v7e-m+dp/hard\libc_nano.a(libc_a-reent.o)
                0x200003f4                errno
 .bss.__lock___malloc_recursive_mutex
                0x200003f8        0x1 C:/ST/STM32CubeCLT_1.16.0/GNU-tools-for-STM32/bin/../lib/gcc/arm-none-eabi/12.3.1/../../../../arm-none-eabi/lib/thumb/v7e-m+dp/hard\libc_nano.a(libc_a-lock.o)
                0x200003f8                __lock___malloc_recursive_mutex
 .bss.__lock___sfp_recursive_mutex
                0x200003f9        0x1 C:/ST/STM32CubeCLT_1.16.0/GNU-tools-for-STM32/bin/../lib/gcc/arm-none-eabi/12.3.1/../../../../arm-none-eabi/lib/thumb/v7e-m+dp/hard\libc_nano.a(libc_a-lock.o)
                0x200003f9                __lock___sfp_recursive_mutex
 *fill*         0x200003fa        0x2 
 .bss.__malloc_sbrk_start
                0x200003fc        0x4 C:/ST/STM32CubeCLT_1.16.0/GNU-tools-for-STM32/bin/../lib/gcc/arm-none-eabi/12.3.1/../../../../arm-none-eabi/lib/thumb/v7e-m+dp/hard\libc_nano.a(libc_a-mallocr.o)
                0x200003fc                __malloc_sbrk_start
 .bss.__malloc_free_list
                0x20000400        0x4 C:/ST/STM32CubeCLT_1.16.0/GNU-tools-for-STM32/bin/../lib/gcc/arm-none-eabi/12.3.1/../../../../arm-none-eabi/lib/thumb/v7e-m+dp/hard\libc_nano.a(libc_a-mallocr.o)
                0x20000400                __malloc_free_list
 *(COMMON)
                0x20000404                        . = ALIGN (0x4)
                0x20000404                        _ebss = .
                0x20000404                        __bss_end__ = _ebss

._user_heap_stack
                0x20000404      0x604 load address 0x08004824
                0x20000408                        . = ALIGN (0x8)
 *fill*         0x20000404        0x4 
                [!provide]                        PROVIDE (end = .)
                0x20000408                        PROVIDE (_end = .)
                0x20000608                        . = (. + _Min_Heap_Size)
 *fill*         0x20000408      0x200 
                0x20000a08                        . = (. + _Min_Stack_Size)
 *fill*         0x20000608      0x400 
                0x20000a08                        . = ALIGN (0x8)

/DISCARD/
 libc.a(*)
 libm.a(*)
 libgcc.a(*)

.ARM.attributes
                0x00000000       0x2e
 *(.ARM.attributes)
 .ARM.attributes
                0x00000000       0x20 C:/ST/STM32CubeCLT_1.16.0/GNU-tools-for-STM32/bin/../lib/gcc/arm-none-eabi/12.3.1/thumb/v7e-m+dp/hard/crti.o
 .ARM.attributes
                0x00000020       0x32 C:/ST/STM32CubeCLT_1.16.0/GNU-tools-for-STM32/bin/../lib/gcc/arm-none-eabi/12.3.1/thumb/v7e-m+dp/hard/crtbegin.o
 .ARM.attributes
                0x00000052       0x32 build/main.o
 .ARM.attributes
                0x00000084       0x32 build/gpio.o
 .ARM.attributes
                0x000000b6       0x32 build/usart.o
 .ARM.attributes
                0x000000e8       0x32 build/stm32h7xx_it.o
 .ARM.attributes
                0x0000011a       0x32 build/stm32h7xx_hal_msp.o
 .ARM.attributes
                0x0000014c       0x32 build/stm32h7xx_hal_cortex.o
 .ARM.attributes
                0x0000017e       0x32 build/stm32h7xx_hal_uart.o
 .ARM.attributes
                0x000001b0       0x32 build/stm32h7xx_hal_uart_ex.o
 .ARM.attributes
                0x000001e2       0x32 build/stm32h7xx_hal_rcc.o
 .ARM.attributes
                0x00000214       0x32 build/stm32h7xx_hal_rcc_ex.o
 .ARM.attributes
                0x00000246       0x32 build/stm32h7xx_hal_gpio.o
 .ARM.attributes
                0x00000278       0x32 build/stm32h7xx_hal_pwr_ex.o
 .ARM.attributes
                0x000002aa       0x32 build/stm32h7xx_hal.o
 .ARM.attributes
                0x000002dc       0x32 build/stm32h7xx_hal_qspi.o
 .ARM.attributes
                0x0000030e       0x32 build/system_stm32h7xx.o
 .ARM.attributes
                0x00000340       0x32 build/sysmem.o
 .ARM.attributes
                0x00000372       0x32 build/syscalls.o
 .ARM.attributes
                0x000003a4       0x32 build/lcd_init.o
 .ARM.attributes
                0x000003d6       0x32 build/QSPI.o
 .ARM.attributes
                0x00000408       0x21 build/startup_stm32h743xx.o
 .ARM.attributes
                0x00000429       0x32 C:/ST/STM32CubeCLT_1.16.0/GNU-tools-for-STM32/bin/../lib/gcc/arm-none-eabi/12.3.1/../../../../arm-none-eabi/lib/thumb/v7e-m+dp/hard\libc_nano.a(libc_a-findfp.o)
 .ARM.attributes
                0x0000045b       0x32 C:/ST/STM32CubeCLT_1.16.0/GNU-tools-for-STM32/bin/../lib/gcc/arm-none-eabi/12.3.1/../../../../arm-none-eabi/lib/thumb/v7e-m+dp/hard\libc_nano.a(libc_a-fwalk.o)
 .ARM.attributes
                0x0000048d       0x32 C:/ST/STM32CubeCLT_1.16.0/GNU-tools-for-STM32/bin/../lib/gcc/arm-none-eabi/12.3.1/../../../../arm-none-eabi/lib/thumb/v7e-m+dp/hard\libc_nano.a(libc_a-puts.o)
 .ARM.attributes
                0x000004bf       0x32 C:/ST/STM32CubeCLT_1.16.0/GNU-tools-for-STM32/bin/../lib/gcc/arm-none-eabi/12.3.1/../../../../arm-none-eabi/lib/thumb/v7e-m+dp/hard\libc_nano.a(libc_a-stdio.o)
 .ARM.attributes
                0x000004f1       0x32 C:/ST/STM32CubeCLT_1.16.0/GNU-tools-for-STM32/bin/../lib/gcc/arm-none-eabi/12.3.1/../../../../arm-none-eabi/lib/thumb/v7e-m+dp/hard\libc_nano.a(libc_a-wbuf.o)
 .ARM.attributes
                0x00000523       0x32 C:/ST/STM32CubeCLT_1.16.0/GNU-tools-for-STM32/bin/../lib/gcc/arm-none-eabi/12.3.1/../../../../arm-none-eabi/lib/thumb/v7e-m+dp/hard\libc_nano.a(libc_a-wsetup.o)
 .ARM.attributes
                0x00000555       0x32 C:/ST/STM32CubeCLT_1.16.0/GNU-tools-for-STM32/bin/../lib/gcc/arm-none-eabi/12.3.1/../../../../arm-none-eabi/lib/thumb/v7e-m+dp/hard\libc_nano.a(libc_a-memset.o)
 .ARM.attributes
                0x00000587       0x32 C:/ST/STM32CubeCLT_1.16.0/GNU-tools-for-STM32/bin/../lib/gcc/arm-none-eabi/12.3.1/../../../../arm-none-eabi/lib/thumb/v7e-m+dp/hard\libc_nano.a(libc_a-closer.o)
 .ARM.attributes
                0x000005b9       0x32 C:/ST/STM32CubeCLT_1.16.0/GNU-tools-for-STM32/bin/../lib/gcc/arm-none-eabi/12.3.1/../../../../arm-none-eabi/lib/thumb/v7e-m+dp/hard\libc_nano.a(libc_a-reent.o)
 .ARM.attributes
                0x000005eb       0x32 C:/ST/STM32CubeCLT_1.16.0/GNU-tools-for-STM32/bin/../lib/gcc/arm-none-eabi/12.3.1/../../../../arm-none-eabi/lib/thumb/v7e-m+dp/hard\libc_nano.a(libc_a-impure.o)
 .ARM.attributes
                0x0000061d       0x32 C:/ST/STM32CubeCLT_1.16.0/GNU-tools-for-STM32/bin/../lib/gcc/arm-none-eabi/12.3.1/../../../../arm-none-eabi/lib/thumb/v7e-m+dp/hard\libc_nano.a(libc_a-lseekr.o)
 .ARM.attributes
                0x0000064f       0x32 C:/ST/STM32CubeCLT_1.16.0/GNU-tools-for-STM32/bin/../lib/gcc/arm-none-eabi/12.3.1/../../../../arm-none-eabi/lib/thumb/v7e-m+dp/hard\libc_nano.a(libc_a-readr.o)
 .ARM.attributes
                0x00000681       0x32 C:/ST/STM32CubeCLT_1.16.0/GNU-tools-for-STM32/bin/../lib/gcc/arm-none-eabi/12.3.1/../../../../arm-none-eabi/lib/thumb/v7e-m+dp/hard\libc_nano.a(libc_a-writer.o)
 .ARM.attributes
                0x000006b3       0x32 C:/ST/STM32CubeCLT_1.16.0/GNU-tools-for-STM32/bin/../lib/gcc/arm-none-eabi/12.3.1/../../../../arm-none-eabi/lib/thumb/v7e-m+dp/hard\libc_nano.a(libc_a-errno.o)
 .ARM.attributes
                0x000006e5       0x32 C:/ST/STM32CubeCLT_1.16.0/GNU-tools-for-STM32/bin/../lib/gcc/arm-none-eabi/12.3.1/../../../../arm-none-eabi/lib/thumb/v7e-m+dp/hard\libc_nano.a(libc_a-init.o)
 .ARM.attributes
                0x00000717       0x32 C:/ST/STM32CubeCLT_1.16.0/GNU-tools-for-STM32/bin/../lib/gcc/arm-none-eabi/12.3.1/../../../../arm-none-eabi/lib/thumb/v7e-m+dp/hard\libc_nano.a(libc_a-lock.o)
 .ARM.attributes
                0x00000749       0x32 C:/ST/STM32CubeCLT_1.16.0/GNU-tools-for-STM32/bin/../lib/gcc/arm-none-eabi/12.3.1/../../../../arm-none-eabi/lib/thumb/v7e-m+dp/hard\libc_nano.a(libc_a-freer.o)
 .ARM.attributes
                0x0000077b       0x32 C:/ST/STM32CubeCLT_1.16.0/GNU-tools-for-STM32/bin/../lib/gcc/arm-none-eabi/12.3.1/../../../../arm-none-eabi/lib/thumb/v7e-m+dp/hard\libc_nano.a(libc_a-mallocr.o)
 .ARM.attributes
                0x000007ad       0x32 C:/ST/STM32CubeCLT_1.16.0/GNU-tools-for-STM32/bin/../lib/gcc/arm-none-eabi/12.3.1/../../../../arm-none-eabi/lib/thumb/v7e-m+dp/hard\libc_nano.a(libc_a-mlock.o)
 .ARM.attributes
                0x000007df       0x32 C:/ST/STM32CubeCLT_1.16.0/GNU-tools-for-STM32/bin/../lib/gcc/arm-none-eabi/12.3.1/../../../../arm-none-eabi/lib/thumb/v7e-m+dp/hard\libc_nano.a(libc_a-fflush.o)
 .ARM.attributes
                0x00000811       0x32 C:/ST/STM32CubeCLT_1.16.0/GNU-tools-for-STM32/bin/../lib/gcc/arm-none-eabi/12.3.1/../../../../arm-none-eabi/lib/thumb/v7e-m+dp/hard\libc_nano.a(libc_a-makebuf.o)
 .ARM.attributes
                0x00000843       0x32 C:/ST/STM32CubeCLT_1.16.0/GNU-tools-for-STM32/bin/../lib/gcc/arm-none-eabi/12.3.1/../../../../arm-none-eabi/lib/thumb/v7e-m+dp/hard\libc_nano.a(libc_a-fstatr.o)
 .ARM.attributes
                0x00000875       0x32 C:/ST/STM32CubeCLT_1.16.0/GNU-tools-for-STM32/bin/../lib/gcc/arm-none-eabi/12.3.1/../../../../arm-none-eabi/lib/thumb/v7e-m+dp/hard\libc_nano.a(libc_a-isattyr.o)
 .ARM.attributes
                0x000008a7       0x32 C:/ST/STM32CubeCLT_1.16.0/GNU-tools-for-STM32/bin/../lib/gcc/arm-none-eabi/12.3.1/../../../../arm-none-eabi/lib/thumb/v7e-m+dp/hard\libc_nano.a(libc_a-sbrkr.o)
 .ARM.attributes
                0x000008d9       0x20 C:/ST/STM32CubeCLT_1.16.0/GNU-tools-for-STM32/bin/../lib/gcc/arm-none-eabi/12.3.1/thumb/v7e-m+dp/hard\libgcc.a(_aeabi_uldivmod.o)
 .ARM.attributes
                0x000008f9       0x32 C:/ST/STM32CubeCLT_1.16.0/GNU-tools-for-STM32/bin/../lib/gcc/arm-none-eabi/12.3.1/thumb/v7e-m+dp/hard\libgcc.a(_udivmoddi4.o)
 .ARM.attributes
                0x0000092b       0x20 C:/ST/STM32CubeCLT_1.16.0/GNU-tools-for-STM32/bin/../lib/gcc/arm-none-eabi/12.3.1/thumb/v7e-m+dp/hard\libgcc.a(_dvmd_tls.o)
 .ARM.attributes
                0x0000094b       0x20 C:/ST/STM32CubeCLT_1.16.0/GNU-tools-for-STM32/bin/../lib/gcc/arm-none-eabi/12.3.1/thumb/v7e-m+dp/hard/crtn.o
OUTPUT(build/H7xx_Cmake_2.elf elf32-littlearm)
LOAD linker stubs
LOAD C:/ST/STM32CubeCLT_1.16.0/GNU-tools-for-STM32/bin/../lib/gcc/arm-none-eabi/12.3.1/../../../../arm-none-eabi/lib/thumb/v7e-m+dp/hard\libc.a
LOAD C:/ST/STM32CubeCLT_1.16.0/GNU-tools-for-STM32/bin/../lib/gcc/arm-none-eabi/12.3.1/../../../../arm-none-eabi/lib/thumb/v7e-m+dp/hard\libm.a
LOAD C:/ST/STM32CubeCLT_1.16.0/GNU-tools-for-STM32/bin/../lib/gcc/arm-none-eabi/12.3.1/thumb/v7e-m+dp/hard\libgcc.a

.debug_info     0x00000000    0x183f5
 .debug_info    0x00000000      0x826 build/main.o
 .debug_info    0x00000826      0x767 build/gpio.o
 .debug_info    0x00000f8d     0x14ba build/usart.o
 .debug_info    0x00002447      0x16d build/stm32h7xx_it.o
 .debug_info    0x000025b4      0x543 build/stm32h7xx_hal_msp.o
 .debug_info    0x00002af7     0x153d build/stm32h7xx_hal_cortex.o
 .debug_info    0x00004034     0x6a87 build/stm32h7xx_hal_uart.o
 .debug_info    0x0000aabb     0x13f8 build/stm32h7xx_hal_uart_ex.o
 .debug_info    0x0000beb3     0x1401 build/stm32h7xx_hal_rcc.o
 .debug_info    0x0000d2b4     0x1cf6 build/stm32h7xx_hal_rcc_ex.o
 .debug_info    0x0000efaa      0xee1 build/stm32h7xx_hal_gpio.o
 .debug_info    0x0000fe8b     0x13f1 build/stm32h7xx_hal_pwr_ex.o
 .debug_info    0x0001127c     0x190a build/stm32h7xx_hal.o
 .debug_info    0x00012b86     0x1b28 build/stm32h7xx_hal_qspi.o
 .debug_info    0x000146ae      0xeb5 build/system_stm32h7xx.o
 .debug_info    0x00015563      0x18c build/sysmem.o
 .debug_info    0x000156ef      0x842 build/syscalls.o
 .debug_info    0x00015f31      0xf9b build/lcd_init.o
 .debug_info    0x00016ecc     0x14f9 build/QSPI.o
 .debug_info    0x000183c5       0x30 build/startup_stm32h743xx.o

.debug_abbrev   0x00000000     0x29d1
 .debug_abbrev  0x00000000      0x219 build/main.o
 .debug_abbrev  0x00000219      0x184 build/gpio.o
 .debug_abbrev  0x0000039d      0x274 build/usart.o
 .debug_abbrev  0x00000611       0x80 build/stm32h7xx_it.o
 .debug_abbrev  0x00000691       0xc8 build/stm32h7xx_hal_msp.o
 .debug_abbrev  0x00000759      0x3e6 build/stm32h7xx_hal_cortex.o
 .debug_abbrev  0x00000b3f      0x391 build/stm32h7xx_hal_uart.o
 .debug_abbrev  0x00000ed0      0x351 build/stm32h7xx_hal_uart_ex.o
 .debug_abbrev  0x00001221      0x29b build/stm32h7xx_hal_rcc.o
 .debug_abbrev  0x000014bc      0x285 build/stm32h7xx_hal_rcc_ex.o
 .debug_abbrev  0x00001741      0x253 build/stm32h7xx_hal_gpio.o
 .debug_abbrev  0x00001994      0x2ca build/stm32h7xx_hal_pwr_ex.o
 .debug_abbrev  0x00001c5e      0x2b1 build/stm32h7xx_hal.o
 .debug_abbrev  0x00001f0f      0x298 build/stm32h7xx_hal_qspi.o
 .debug_abbrev  0x000021a7      0x12a build/system_stm32h7xx.o
 .debug_abbrev  0x000022d1       0xeb build/sysmem.o
 .debug_abbrev  0x000023bc      0x1e3 build/syscalls.o
 .debug_abbrev  0x0000259f      0x202 build/lcd_init.o
 .debug_abbrev  0x000027a1      0x213 build/QSPI.o
 .debug_abbrev  0x000029b4       0x1d build/startup_stm32h743xx.o

.debug_loc      0x00000000     0xdb4a
 .debug_loc     0x00000000       0x66 build/main.o
 .debug_loc     0x00000066       0x38 build/gpio.o
 .debug_loc     0x0000009e      0x145 build/usart.o
 .debug_loc     0x000001e3       0x20 build/stm32h7xx_it.o
 .debug_loc     0x00000203       0x2c build/stm32h7xx_hal_msp.o
 .debug_loc     0x0000022f      0x7b9 build/stm32h7xx_hal_cortex.o
 .debug_loc     0x000009e8     0x6397 build/stm32h7xx_hal_uart.o
 .debug_loc     0x00006d7f      0xd8a build/stm32h7xx_hal_uart_ex.o
 .debug_loc     0x00007b09      0xadc build/stm32h7xx_hal_rcc.o
 .debug_loc     0x000085e5     0x2031 build/stm32h7xx_hal_rcc_ex.o
 .debug_loc     0x0000a616      0x482 build/stm32h7xx_hal_gpio.o
 .debug_loc     0x0000aa98      0x65b build/stm32h7xx_hal_pwr_ex.o
 .debug_loc     0x0000b0f3      0x533 build/stm32h7xx_hal.o
 .debug_loc     0x0000b626     0x1886 build/stm32h7xx_hal_qspi.o
 .debug_loc     0x0000ceac      0x1f2 build/system_stm32h7xx.o
 .debug_loc     0x0000d09e       0x84 build/sysmem.o
 .debug_loc     0x0000d122      0x511 build/syscalls.o
 .debug_loc     0x0000d633      0x45f build/lcd_init.o
 .debug_loc     0x0000da92       0xb8 build/QSPI.o

.debug_aranges  0x00000000      0xca0
 .debug_aranges
                0x00000000       0x30 build/main.o
 .debug_aranges
                0x00000030       0x20 build/gpio.o
 .debug_aranges
                0x00000050       0x38 build/usart.o
 .debug_aranges
                0x00000088       0x60 build/stm32h7xx_it.o
 .debug_aranges
                0x000000e8       0x20 build/stm32h7xx_hal_msp.o
 .debug_aranges
                0x00000108       0xf8 build/stm32h7xx_hal_cortex.o
 .debug_aranges
                0x00000200      0x248 build/stm32h7xx_hal_uart.o
 .debug_aranges
                0x00000448       0xa8 build/stm32h7xx_hal_uart_ex.o
 .debug_aranges
                0x000004f0       0x88 build/stm32h7xx_hal_rcc.o
 .debug_aranges
                0x00000578       0xf8 build/stm32h7xx_hal_rcc_ex.o
 .debug_aranges
                0x00000670       0x58 build/stm32h7xx_hal_gpio.o
 .debug_aranges
                0x000006c8      0x158 build/stm32h7xx_hal_pwr_ex.o
 .debug_aranges
                0x00000820      0x198 build/stm32h7xx_hal.o
 .debug_aranges
                0x000009b8      0x148 build/stm32h7xx_hal_qspi.o
 .debug_aranges
                0x00000b00       0x28 build/system_stm32h7xx.o
 .debug_aranges
                0x00000b28       0x20 build/sysmem.o
 .debug_aranges
                0x00000b48       0xa8 build/syscalls.o
 .debug_aranges
                0x00000bf0       0x58 build/lcd_init.o
 .debug_aranges
                0x00000c48       0x30 build/QSPI.o
 .debug_aranges
                0x00000c78       0x28 build/startup_stm32h743xx.o

.debug_ranges   0x00000000      0xc50
 .debug_ranges  0x00000000       0x20 build/main.o
 .debug_ranges  0x00000020       0x10 build/gpio.o
 .debug_ranges  0x00000030       0x28 build/usart.o
 .debug_ranges  0x00000058       0x50 build/stm32h7xx_it.o
 .debug_ranges  0x000000a8       0x10 build/stm32h7xx_hal_msp.o
 .debug_ranges  0x000000b8       0xe8 build/stm32h7xx_hal_cortex.o
 .debug_ranges  0x000001a0      0x238 build/stm32h7xx_hal_uart.o
 .debug_ranges  0x000003d8       0xb0 build/stm32h7xx_hal_uart_ex.o
 .debug_ranges  0x00000488       0xe8 build/stm32h7xx_hal_rcc.o
 .debug_ranges  0x00000570       0xe8 build/stm32h7xx_hal_rcc_ex.o
 .debug_ranges  0x00000658       0x48 build/stm32h7xx_hal_gpio.o
 .debug_ranges  0x000006a0      0x1a8 build/stm32h7xx_hal_pwr_ex.o
 .debug_ranges  0x00000848      0x188 build/stm32h7xx_hal.o
 .debug_ranges  0x000009d0      0x138 build/stm32h7xx_hal_qspi.o
 .debug_ranges  0x00000b08       0x18 build/system_stm32h7xx.o
 .debug_ranges  0x00000b20       0x10 build/sysmem.o
 .debug_ranges  0x00000b30       0x98 build/syscalls.o
 .debug_ranges  0x00000bc8       0x48 build/lcd_init.o
 .debug_ranges  0x00000c10       0x20 build/QSPI.o
 .debug_ranges  0x00000c30       0x20 build/startup_stm32h743xx.o

.debug_line     0x00000000    0x10239
 .debug_line    0x00000000      0x3ee build/main.o
 .debug_line    0x000003ee      0x205 build/gpio.o
 .debug_line    0x000005f3      0x3e3 build/usart.o
 .debug_line    0x000009d6      0x179 build/stm32h7xx_it.o
 .debug_line    0x00000b4f      0x1aa build/stm32h7xx_hal_msp.o
 .debug_line    0x00000cf9      0x8b3 build/stm32h7xx_hal_cortex.o
 .debug_line    0x000015ac     0x670c build/stm32h7xx_hal_uart.o
 .debug_line    0x00007cb8      0xcbb build/stm32h7xx_hal_uart_ex.o
 .debug_line    0x00008973     0x1333 build/stm32h7xx_hal_rcc.o
 .debug_line    0x00009ca6     0x2020 build/stm32h7xx_hal_rcc_ex.o
 .debug_line    0x0000bcc6      0x721 build/stm32h7xx_hal_gpio.o
 .debug_line    0x0000c3e7      0xae2 build/stm32h7xx_hal_pwr_ex.o
 .debug_line    0x0000cec9      0x918 build/stm32h7xx_hal.o
 .debug_line    0x0000d7e1     0x1557 build/stm32h7xx_hal_qspi.o
 .debug_line    0x0000ed38      0x4c6 build/system_stm32h7xx.o
 .debug_line    0x0000f1fe      0x21a build/sysmem.o
 .debug_line    0x0000f418      0x43a build/syscalls.o
 .debug_line    0x0000f852      0x57d build/lcd_init.o
 .debug_line    0x0000fdcf      0x3f4 build/QSPI.o
 .debug_line    0x000101c3       0x76 build/startup_stm32h743xx.o

.debug_str      0x00000000     0x4e57
 .debug_str     0x00000000      0x4af build/main.o
                                0x518 (size before relaxing)
 .debug_str     0x000004af      0x2be build/gpio.o
                                0x4ab (size before relaxing)
 .debug_str     0x0000076d      0x94d build/usart.o
                                0xe99 (size before relaxing)
 .debug_str     0x000010ba       0xb4 build/stm32h7xx_it.o
                                0x239 (size before relaxing)
 .debug_str     0x0000116e       0x29 build/stm32h7xx_hal_msp.o
                                0x3ec (size before relaxing)
 .debug_str     0x00001197      0xdf6 build/stm32h7xx_hal_cortex.o
                               0x107a (size before relaxing)
 .debug_str     0x00001f8d      0xa72 build/stm32h7xx_hal_uart.o
                               0x14ad (size before relaxing)
 .debug_str     0x000029ff      0x246 build/stm32h7xx_hal_uart_ex.o
                                0xba1 (size before relaxing)
 .debug_str     0x00002c45      0x342 build/stm32h7xx_hal_rcc.o
                                0xa14 (size before relaxing)
 .debug_str     0x00002f87      0x578 build/stm32h7xx_hal_rcc_ex.o
                                0xf1f (size before relaxing)
 .debug_str     0x000034ff       0xe9 build/stm32h7xx_hal_gpio.o
                                0x6ce (size before relaxing)
 .debug_str     0x000035e8      0x54a build/stm32h7xx_hal_pwr_ex.o
                                0xa43 (size before relaxing)
 .debug_str     0x00003b32      0x620 build/stm32h7xx_hal.o
                               0x14b4 (size before relaxing)
 .debug_str     0x00004152      0x8dc build/stm32h7xx_hal_qspi.o
                                0xc5f (size before relaxing)
 .debug_str     0x00004a2e       0x3d build/system_stm32h7xx.o
                                0x729 (size before relaxing)
 .debug_str     0x00004a6b       0x7a build/sysmem.o
                                0x21d (size before relaxing)
 .debug_str     0x00004ae5      0x200 build/syscalls.o
                                0x3f1 (size before relaxing)
 .debug_str     0x00004ce5       0xfc build/lcd_init.o
                                0x99d (size before relaxing)
 .debug_str     0x00004de1       0x44 build/QSPI.o
                               0x138a (size before relaxing)
 .debug_str     0x00004e25       0x32 build/startup_stm32h743xx.o
                                 0x7a (size before relaxing)

.comment        0x00000000       0x43
 .comment       0x00000000       0x43 build/main.o
                                 0x44 (size before relaxing)
 .comment       0x00000043       0x44 build/gpio.o
 .comment       0x00000043       0x44 build/usart.o
 .comment       0x00000043       0x44 build/stm32h7xx_it.o
 .comment       0x00000043       0x44 build/stm32h7xx_hal_msp.o
 .comment       0x00000043       0x44 build/stm32h7xx_hal_cortex.o
 .comment       0x00000043       0x44 build/stm32h7xx_hal_uart.o
 .comment       0x00000043       0x44 build/stm32h7xx_hal_uart_ex.o
 .comment       0x00000043       0x44 build/stm32h7xx_hal_rcc.o
 .comment       0x00000043       0x44 build/stm32h7xx_hal_rcc_ex.o
 .comment       0x00000043       0x44 build/stm32h7xx_hal_gpio.o
 .comment       0x00000043       0x44 build/stm32h7xx_hal_pwr_ex.o
 .comment       0x00000043       0x44 build/stm32h7xx_hal.o
 .comment       0x00000043       0x44 build/stm32h7xx_hal_qspi.o
 .comment       0x00000043       0x44 build/system_stm32h7xx.o
 .comment       0x00000043       0x44 build/sysmem.o
 .comment       0x00000043       0x44 build/syscalls.o
 .comment       0x00000043       0x44 build/lcd_init.o
 .comment       0x00000043       0x44 build/QSPI.o

.debug_frame    0x00000000     0x2594
 .debug_frame   0x00000000       0x58 build/main.o
 .debug_frame   0x00000058       0x30 build/gpio.o
 .debug_frame   0x00000088       0x80 build/usart.o
 .debug_frame   0x00000108       0xa8 build/stm32h7xx_it.o
 .debug_frame   0x000001b0       0x28 build/stm32h7xx_hal_msp.o
 .debug_frame   0x000001d8      0x214 build/stm32h7xx_hal_cortex.o
 .debug_frame   0x000003ec      0x680 build/stm32h7xx_hal_uart.o
 .debug_frame   0x00000a6c      0x1c8 build/stm32h7xx_hal_uart_ex.o
 .debug_frame   0x00000c34      0x18c build/stm32h7xx_hal_rcc.o
 .debug_frame   0x00000dc0      0x284 build/stm32h7xx_hal_rcc_ex.o
 .debug_frame   0x00001044       0xd4 build/stm32h7xx_hal_gpio.o
 .debug_frame   0x00001118      0x2f4 build/stm32h7xx_hal_pwr_ex.o
 .debug_frame   0x0000140c      0x360 build/stm32h7xx_hal.o
 .debug_frame   0x0000176c      0x3dc build/stm32h7xx_hal_qspi.o
 .debug_frame   0x00001b48       0x3c build/system_stm32h7xx.o
 .debug_frame   0x00001b84       0x28 build/sysmem.o
 .debug_frame   0x00001bac      0x190 build/syscalls.o
 .debug_frame   0x00001d3c       0xf0 build/lcd_init.o
 .debug_frame   0x00001e2c       0x6c build/QSPI.o
 .debug_frame   0x00001e98      0x144 C:/ST/STM32CubeCLT_1.16.0/GNU-tools-for-STM32/bin/../lib/gcc/arm-none-eabi/12.3.1/../../../../arm-none-eabi/lib/thumb/v7e-m+dp/hard\libc_nano.a(libc_a-findfp.o)
 .debug_frame   0x00001fdc       0x34 C:/ST/STM32CubeCLT_1.16.0/GNU-tools-for-STM32/bin/../lib/gcc/arm-none-eabi/12.3.1/../../../../arm-none-eabi/lib/thumb/v7e-m+dp/hard\libc_nano.a(libc_a-fwalk.o)
 .debug_frame   0x00002010       0x3c C:/ST/STM32CubeCLT_1.16.0/GNU-tools-for-STM32/bin/../lib/gcc/arm-none-eabi/12.3.1/../../../../arm-none-eabi/lib/thumb/v7e-m+dp/hard\libc_nano.a(libc_a-puts.o)
 .debug_frame   0x0000204c       0x88 C:/ST/STM32CubeCLT_1.16.0/GNU-tools-for-STM32/bin/../lib/gcc/arm-none-eabi/12.3.1/../../../../arm-none-eabi/lib/thumb/v7e-m+dp/hard\libc_nano.a(libc_a-stdio.o)
 .debug_frame   0x000020d4       0x40 C:/ST/STM32CubeCLT_1.16.0/GNU-tools-for-STM32/bin/../lib/gcc/arm-none-eabi/12.3.1/../../../../arm-none-eabi/lib/thumb/v7e-m+dp/hard\libc_nano.a(libc_a-wbuf.o)
 .debug_frame   0x00002114       0x2c C:/ST/STM32CubeCLT_1.16.0/GNU-tools-for-STM32/bin/../lib/gcc/arm-none-eabi/12.3.1/../../../../arm-none-eabi/lib/thumb/v7e-m+dp/hard\libc_nano.a(libc_a-wsetup.o)
 .debug_frame   0x00002140       0x20 C:/ST/STM32CubeCLT_1.16.0/GNU-tools-for-STM32/bin/../lib/gcc/arm-none-eabi/12.3.1/../../../../arm-none-eabi/lib/thumb/v7e-m+dp/hard\libc_nano.a(libc_a-memset.o)
 .debug_frame   0x00002160       0x2c C:/ST/STM32CubeCLT_1.16.0/GNU-tools-for-STM32/bin/../lib/gcc/arm-none-eabi/12.3.1/../../../../arm-none-eabi/lib/thumb/v7e-m+dp/hard\libc_nano.a(libc_a-closer.o)
 .debug_frame   0x0000218c       0x38 C:/ST/STM32CubeCLT_1.16.0/GNU-tools-for-STM32/bin/../lib/gcc/arm-none-eabi/12.3.1/../../../../arm-none-eabi/lib/thumb/v7e-m+dp/hard\libc_nano.a(libc_a-reent.o)
 .debug_frame   0x000021c4       0x2c C:/ST/STM32CubeCLT_1.16.0/GNU-tools-for-STM32/bin/../lib/gcc/arm-none-eabi/12.3.1/../../../../arm-none-eabi/lib/thumb/v7e-m+dp/hard\libc_nano.a(libc_a-lseekr.o)
 .debug_frame   0x000021f0       0x2c C:/ST/STM32CubeCLT_1.16.0/GNU-tools-for-STM32/bin/../lib/gcc/arm-none-eabi/12.3.1/../../../../arm-none-eabi/lib/thumb/v7e-m+dp/hard\libc_nano.a(libc_a-readr.o)
 .debug_frame   0x0000221c       0x2c C:/ST/STM32CubeCLT_1.16.0/GNU-tools-for-STM32/bin/../lib/gcc/arm-none-eabi/12.3.1/../../../../arm-none-eabi/lib/thumb/v7e-m+dp/hard\libc_nano.a(libc_a-writer.o)
 .debug_frame   0x00002248       0x20 C:/ST/STM32CubeCLT_1.16.0/GNU-tools-for-STM32/bin/../lib/gcc/arm-none-eabi/12.3.1/../../../../arm-none-eabi/lib/thumb/v7e-m+dp/hard\libc_nano.a(libc_a-errno.o)
 .debug_frame   0x00002268       0x2c C:/ST/STM32CubeCLT_1.16.0/GNU-tools-for-STM32/bin/../lib/gcc/arm-none-eabi/12.3.1/../../../../arm-none-eabi/lib/thumb/v7e-m+dp/hard\libc_nano.a(libc_a-init.o)
 .debug_frame   0x00002294       0xb0 C:/ST/STM32CubeCLT_1.16.0/GNU-tools-for-STM32/bin/../lib/gcc/arm-none-eabi/12.3.1/../../../../arm-none-eabi/lib/thumb/v7e-m+dp/hard\libc_nano.a(libc_a-lock.o)
 .debug_frame   0x00002344       0x38 C:/ST/STM32CubeCLT_1.16.0/GNU-tools-for-STM32/bin/../lib/gcc/arm-none-eabi/12.3.1/../../../../arm-none-eabi/lib/thumb/v7e-m+dp/hard\libc_nano.a(libc_a-freer.o)
 .debug_frame   0x0000237c       0x50 C:/ST/STM32CubeCLT_1.16.0/GNU-tools-for-STM32/bin/../lib/gcc/arm-none-eabi/12.3.1/../../../../arm-none-eabi/lib/thumb/v7e-m+dp/hard\libc_nano.a(libc_a-mallocr.o)
 .debug_frame   0x000023cc       0x30 C:/ST/STM32CubeCLT_1.16.0/GNU-tools-for-STM32/bin/../lib/gcc/arm-none-eabi/12.3.1/../../../../arm-none-eabi/lib/thumb/v7e-m+dp/hard\libc_nano.a(libc_a-mlock.o)
 .debug_frame   0x000023fc       0x5c C:/ST/STM32CubeCLT_1.16.0/GNU-tools-for-STM32/bin/../lib/gcc/arm-none-eabi/12.3.1/../../../../arm-none-eabi/lib/thumb/v7e-m+dp/hard\libc_nano.a(libc_a-fflush.o)
 .debug_frame   0x00002458       0x58 C:/ST/STM32CubeCLT_1.16.0/GNU-tools-for-STM32/bin/../lib/gcc/arm-none-eabi/12.3.1/../../../../arm-none-eabi/lib/thumb/v7e-m+dp/hard\libc_nano.a(libc_a-makebuf.o)
 .debug_frame   0x000024b0       0x2c C:/ST/STM32CubeCLT_1.16.0/GNU-tools-for-STM32/bin/../lib/gcc/arm-none-eabi/12.3.1/../../../../arm-none-eabi/lib/thumb/v7e-m+dp/hard\libc_nano.a(libc_a-fstatr.o)
 .debug_frame   0x000024dc       0x2c C:/ST/STM32CubeCLT_1.16.0/GNU-tools-for-STM32/bin/../lib/gcc/arm-none-eabi/12.3.1/../../../../arm-none-eabi/lib/thumb/v7e-m+dp/hard\libc_nano.a(libc_a-isattyr.o)
 .debug_frame   0x00002508       0x2c C:/ST/STM32CubeCLT_1.16.0/GNU-tools-for-STM32/bin/../lib/gcc/arm-none-eabi/12.3.1/../../../../arm-none-eabi/lib/thumb/v7e-m+dp/hard\libc_nano.a(libc_a-sbrkr.o)
 .debug_frame   0x00002534       0x2c C:/ST/STM32CubeCLT_1.16.0/GNU-tools-for-STM32/bin/../lib/gcc/arm-none-eabi/12.3.1/thumb/v7e-m+dp/hard\libgcc.a(_aeabi_uldivmod.o)
 .debug_frame   0x00002560       0x34 C:/ST/STM32CubeCLT_1.16.0/GNU-tools-for-STM32/bin/../lib/gcc/arm-none-eabi/12.3.1/thumb/v7e-m+dp/hard\libgcc.a(_udivmoddi4.o)

Cross Reference Table

Symbol                                            File
ADC3_IRQHandler                                   build/startup_stm32h743xx.o
ADC_IRQHandler                                    build/startup_stm32h743xx.o
BDMA_Channel0_IRQHandler                          build/startup_stm32h743xx.o
BDMA_Channel1_IRQHandler                          build/startup_stm32h743xx.o
BDMA_Channel2_IRQHandler                          build/startup_stm32h743xx.o
BDMA_Channel3_IRQHandler                          build/startup_stm32h743xx.o
BDMA_Channel4_IRQHandler                          build/startup_stm32h743xx.o
BDMA_Channel5_IRQHandler                          build/startup_stm32h743xx.o
BDMA_Channel6_IRQHandler                          build/startup_stm32h743xx.o
BDMA_Channel7_IRQHandler                          build/startup_stm32h743xx.o
BusFault_Handler                                  build/stm32h7xx_it.o
CEC_IRQHandler                                    build/startup_stm32h743xx.o
COMP1_IRQHandler                                  build/startup_stm32h743xx.o
CRS_IRQHandler                                    build/startup_stm32h743xx.o
D1CorePrescTable                                  build/system_stm32h7xx.o
                                                  build/stm32h7xx_hal.o
                                                  build/stm32h7xx_hal_rcc_ex.o
                                                  build/stm32h7xx_hal_rcc.o
DCMI_IRQHandler                                   build/startup_stm32h743xx.o
DFSDM1_FLT0_IRQHandler                            build/startup_stm32h743xx.o
DFSDM1_FLT1_IRQHandler                            build/startup_stm32h743xx.o
DFSDM1_FLT2_IRQHandler                            build/startup_stm32h743xx.o
DFSDM1_FLT3_IRQHandler                            build/startup_stm32h743xx.o
DMA1_Stream0_IRQHandler                           build/startup_stm32h743xx.o
DMA1_Stream1_IRQHandler                           build/startup_stm32h743xx.o
DMA1_Stream2_IRQHandler                           build/startup_stm32h743xx.o
DMA1_Stream3_IRQHandler                           build/startup_stm32h743xx.o
DMA1_Stream4_IRQHandler                           build/startup_stm32h743xx.o
DMA1_Stream5_IRQHandler                           build/startup_stm32h743xx.o
DMA1_Stream6_IRQHandler                           build/startup_stm32h743xx.o
DMA1_Stream7_IRQHandler                           build/startup_stm32h743xx.o
DMA2D_IRQHandler                                  build/startup_stm32h743xx.o
DMA2_Stream0_IRQHandler                           build/startup_stm32h743xx.o
DMA2_Stream1_IRQHandler                           build/startup_stm32h743xx.o
DMA2_Stream2_IRQHandler                           build/startup_stm32h743xx.o
DMA2_Stream3_IRQHandler                           build/startup_stm32h743xx.o
DMA2_Stream4_IRQHandler                           build/startup_stm32h743xx.o
DMA2_Stream5_IRQHandler                           build/startup_stm32h743xx.o
DMA2_Stream6_IRQHandler                           build/startup_stm32h743xx.o
DMA2_Stream7_IRQHandler                           build/startup_stm32h743xx.o
DMAMUX1_OVR_IRQHandler                            build/startup_stm32h743xx.o
DMAMUX2_OVR_IRQHandler                            build/startup_stm32h743xx.o
DebugMon_Handler                                  build/stm32h7xx_it.o
Default_Handler                                   build/startup_stm32h743xx.o
ECC_IRQHandler                                    build/startup_stm32h743xx.o
ETH_IRQHandler                                    build/startup_stm32h743xx.o
ETH_WKUP_IRQHandler                               build/startup_stm32h743xx.o
EXTI0_IRQHandler                                  build/startup_stm32h743xx.o
EXTI15_10_IRQHandler                              build/startup_stm32h743xx.o
EXTI1_IRQHandler                                  build/startup_stm32h743xx.o
EXTI2_IRQHandler                                  build/startup_stm32h743xx.o
EXTI3_IRQHandler                                  build/startup_stm32h743xx.o
EXTI4_IRQHandler                                  build/startup_stm32h743xx.o
EXTI9_5_IRQHandler                                build/startup_stm32h743xx.o
Error_Handler                                     build/main.o
                                                  build/usart.o
FDCAN1_IT0_IRQHandler                             build/startup_stm32h743xx.o
FDCAN1_IT1_IRQHandler                             build/startup_stm32h743xx.o
FDCAN2_IT0_IRQHandler                             build/startup_stm32h743xx.o
FDCAN2_IT1_IRQHandler                             build/startup_stm32h743xx.o
FDCAN_CAL_IRQHandler                              build/startup_stm32h743xx.o
FLASH_CRC_WaitForLastOperation                    build/stm32h7xx_hal_flash.o
                                                  build/stm32h7xx_hal_flash_ex.o
FLASH_Erase_Sector                                build/stm32h7xx_hal_flash_ex.o
                                                  build/stm32h7xx_hal_flash.o
FLASH_IRQHandler                                  build/startup_stm32h743xx.o
FLASH_OB_WaitForLastOperation                     build/stm32h7xx_hal_flash.o
                                                  build/stm32h7xx_hal_flash_ex.o
FLASH_WaitForLastOperation                        build/stm32h7xx_hal_flash.o
                                                  build/stm32h7xx_hal_flash_ex.o
FMC_IRQHandler                                    build/startup_stm32h743xx.o
FPU_IRQHandler                                    build/startup_stm32h743xx.o
HAL_DBGMCU_DisableDBGSleepMode                    build/stm32h7xx_hal.o
HAL_DBGMCU_DisableDBGStandbyMode                  build/stm32h7xx_hal.o
HAL_DBGMCU_DisableDBGStopMode                     build/stm32h7xx_hal.o
HAL_DBGMCU_EnableDBGSleepMode                     build/stm32h7xx_hal.o
HAL_DBGMCU_EnableDBGStandbyMode                   build/stm32h7xx_hal.o
HAL_DBGMCU_EnableDBGStopMode                      build/stm32h7xx_hal.o
HAL_DMAEx_ChangeMemory                            build/stm32h7xx_hal_dma_ex.o
HAL_DMAEx_ConfigMuxRequestGenerator               build/stm32h7xx_hal_dma_ex.o
HAL_DMAEx_ConfigMuxSync                           build/stm32h7xx_hal_dma_ex.o
HAL_DMAEx_DisableMuxRequestGenerator              build/stm32h7xx_hal_dma_ex.o
HAL_DMAEx_EnableMuxRequestGenerator               build/stm32h7xx_hal_dma_ex.o
HAL_DMAEx_MUX_IRQHandler                          build/stm32h7xx_hal_dma_ex.o
HAL_DMAEx_MultiBufferStart                        build/stm32h7xx_hal_dma_ex.o
HAL_DMAEx_MultiBufferStart_IT                     build/stm32h7xx_hal_dma_ex.o
HAL_DMA_Abort                                     build/stm32h7xx_hal_dma.o
                                                  build/stm32h7xx_hal_uart.o
HAL_DMA_Abort_IT                                  build/stm32h7xx_hal_dma.o
                                                  build/stm32h7xx_hal_i2c.o
                                                  build/stm32h7xx_hal_uart.o
                                                  build/stm32h7xx_hal_tim_ex.o
                                                  build/stm32h7xx_hal_tim.o
HAL_DMA_DeInit                                    build/stm32h7xx_hal_dma.o
HAL_DMA_GetError                                  build/stm32h7xx_hal_dma.o
                                                  build/stm32h7xx_hal_i2c.o
                                                  build/stm32h7xx_hal_uart.o
HAL_DMA_GetState                                  build/stm32h7xx_hal_dma.o
                                                  build/stm32h7xx_hal_i2c.o
HAL_DMA_IRQHandler                                build/stm32h7xx_hal_dma.o
HAL_DMA_Init                                      build/stm32h7xx_hal_dma.o
HAL_DMA_PollForTransfer                           build/stm32h7xx_hal_dma.o
HAL_DMA_RegisterCallback                          build/stm32h7xx_hal_dma.o
HAL_DMA_Start                                     build/stm32h7xx_hal_dma.o
HAL_DMA_Start_IT                                  build/stm32h7xx_hal_dma.o
                                                  build/stm32h7xx_hal_i2c.o
                                                  build/stm32h7xx_hal_uart.o
                                                  build/stm32h7xx_hal_tim_ex.o
                                                  build/stm32h7xx_hal_tim.o
HAL_DMA_UnRegisterCallback                        build/stm32h7xx_hal_dma.o
HAL_DeInit                                        build/stm32h7xx_hal.o
HAL_Delay                                         build/stm32h7xx_hal.o
                                                  build/lcd_init.o
HAL_DisableCompensationCell                       build/stm32h7xx_hal.o
HAL_EXTI_ClearConfigLine                          build/stm32h7xx_hal_exti.o
HAL_EXTI_ClearPending                             build/stm32h7xx_hal_exti.o
HAL_EXTI_D1_ClearFlag                             build/stm32h7xx_hal.o
HAL_EXTI_D1_EventInputConfig                      build/stm32h7xx_hal.o
HAL_EXTI_D3_EventInputConfig                      build/stm32h7xx_hal.o
HAL_EXTI_EdgeConfig                               build/stm32h7xx_hal.o
HAL_EXTI_GenerateSWI                              build/stm32h7xx_hal_exti.o
HAL_EXTI_GenerateSWInterrupt                      build/stm32h7xx_hal.o
HAL_EXTI_GetConfigLine                            build/stm32h7xx_hal_exti.o
HAL_EXTI_GetHandle                                build/stm32h7xx_hal_exti.o
HAL_EXTI_GetPending                               build/stm32h7xx_hal_exti.o
HAL_EXTI_IRQHandler                               build/stm32h7xx_hal_exti.o
HAL_EXTI_RegisterCallback                         build/stm32h7xx_hal_exti.o
HAL_EXTI_SetConfigLine                            build/stm32h7xx_hal_exti.o
HAL_EnableCompensationCell                        build/stm32h7xx_hal.o
HAL_FLASHEx_ComputeCRC                            build/stm32h7xx_hal_flash_ex.o
HAL_FLASHEx_Erase                                 build/stm32h7xx_hal_flash_ex.o
HAL_FLASHEx_Erase_IT                              build/stm32h7xx_hal_flash_ex.o
HAL_FLASHEx_Lock_Bank1                            build/stm32h7xx_hal_flash_ex.o
HAL_FLASHEx_Lock_Bank2                            build/stm32h7xx_hal_flash_ex.o
HAL_FLASHEx_OBGetConfig                           build/stm32h7xx_hal_flash_ex.o
HAL_FLASHEx_OBProgram                             build/stm32h7xx_hal_flash_ex.o
HAL_FLASHEx_Unlock_Bank1                          build/stm32h7xx_hal_flash_ex.o
HAL_FLASHEx_Unlock_Bank2                          build/stm32h7xx_hal_flash_ex.o
HAL_FLASH_EndOfOperationCallback                  build/stm32h7xx_hal_flash.o
HAL_FLASH_GetError                                build/stm32h7xx_hal_flash.o
HAL_FLASH_IRQHandler                              build/stm32h7xx_hal_flash.o
HAL_FLASH_Lock                                    build/stm32h7xx_hal_flash.o
HAL_FLASH_OB_Launch                               build/stm32h7xx_hal_flash.o
HAL_FLASH_OB_Lock                                 build/stm32h7xx_hal_flash.o
HAL_FLASH_OB_Unlock                               build/stm32h7xx_hal_flash.o
HAL_FLASH_OperationErrorCallback                  build/stm32h7xx_hal_flash.o
HAL_FLASH_Program                                 build/stm32h7xx_hal_flash.o
HAL_FLASH_Program_IT                              build/stm32h7xx_hal_flash.o
HAL_FLASH_Unlock                                  build/stm32h7xx_hal_flash.o
HAL_GPIO_DeInit                                   build/stm32h7xx_hal_gpio.o
                                                  build/QSPI.o
                                                  build/usart.o
HAL_GPIO_EXTI_Callback                            build/stm32h7xx_hal_gpio.o
HAL_GPIO_EXTI_IRQHandler                          build/stm32h7xx_hal_gpio.o
HAL_GPIO_Init                                     build/stm32h7xx_hal_gpio.o
                                                  build/QSPI.o
                                                  build/stm32h7xx_hal_rcc.o
                                                  build/usart.o
                                                  build/gpio.o
HAL_GPIO_LockPin                                  build/stm32h7xx_hal_gpio.o
HAL_GPIO_ReadPin                                  build/stm32h7xx_hal_gpio.o
HAL_GPIO_TogglePin                                build/stm32h7xx_hal_gpio.o
HAL_GPIO_WritePin                                 build/stm32h7xx_hal_gpio.o
                                                  build/lcd_init.o
                                                  build/gpio.o
HAL_GetCurrentCPUID                               build/stm32h7xx_hal_cortex.o
HAL_GetDEVID                                      build/stm32h7xx_hal.o
HAL_GetFMCMemorySwappingConfig                    build/stm32h7xx_hal.o
HAL_GetHalVersion                                 build/stm32h7xx_hal.o
HAL_GetREVID                                      build/stm32h7xx_hal.o
                                                  build/stm32h7xx_hal_rcc_ex.o
                                                  build/stm32h7xx_hal_rcc.o
HAL_GetTick                                       build/stm32h7xx_hal.o
                                                  build/stm32h7xx_hal_qspi.o
                                                  build/stm32h7xx_hal_i2c.o
                                                  build/stm32h7xx_hal_pwr_ex.o
                                                  build/stm32h7xx_hal_mdma.o
                                                  build/stm32h7xx_hal_dma.o
                                                  build/stm32h7xx_hal_flash.o
                                                  build/stm32h7xx_hal_rcc_ex.o
                                                  build/stm32h7xx_hal_rcc.o
                                                  build/stm32h7xx_hal_uart_ex.o
                                                  build/stm32h7xx_hal_uart.o
HAL_GetTickFreq                                   build/stm32h7xx_hal.o
HAL_GetTickPrio                                   build/stm32h7xx_hal.o
HAL_GetUIDw0                                      build/stm32h7xx_hal.o
HAL_GetUIDw1                                      build/stm32h7xx_hal.o
HAL_GetUIDw2                                      build/stm32h7xx_hal.o
HAL_HSEM_ActivateNotification                     build/stm32h7xx_hal_hsem.o
HAL_HSEM_DeactivateNotification                   build/stm32h7xx_hal_hsem.o
HAL_HSEM_FastTake                                 build/stm32h7xx_hal_hsem.o
HAL_HSEM_FreeCallback                             build/stm32h7xx_hal_hsem.o
HAL_HSEM_GetClearKey                              build/stm32h7xx_hal_hsem.o
HAL_HSEM_IRQHandler                               build/stm32h7xx_hal_hsem.o
HAL_HSEM_IsSemTaken                               build/stm32h7xx_hal_hsem.o
HAL_HSEM_Release                                  build/stm32h7xx_hal_hsem.o
HAL_HSEM_ReleaseAll                               build/stm32h7xx_hal_hsem.o
HAL_HSEM_SetClearKey                              build/stm32h7xx_hal_hsem.o
HAL_HSEM_Take                                     build/stm32h7xx_hal_hsem.o
HAL_HalfDuplex_EnableReceiver                     build/stm32h7xx_hal_uart.o
HAL_HalfDuplex_EnableTransmitter                  build/stm32h7xx_hal_uart.o
HAL_HalfDuplex_Init                               build/stm32h7xx_hal_uart.o
HAL_I2CEx_ConfigAnalogFilter                      build/stm32h7xx_hal_i2c_ex.o
HAL_I2CEx_ConfigDigitalFilter                     build/stm32h7xx_hal_i2c_ex.o
HAL_I2CEx_DisableFastModePlus                     build/stm32h7xx_hal_i2c_ex.o
HAL_I2CEx_DisableWakeUp                           build/stm32h7xx_hal_i2c_ex.o
HAL_I2CEx_EnableFastModePlus                      build/stm32h7xx_hal_i2c_ex.o
HAL_I2CEx_EnableWakeUp                            build/stm32h7xx_hal_i2c_ex.o
HAL_I2C_AbortCpltCallback                         build/stm32h7xx_hal_i2c.o
HAL_I2C_AddrCallback                              build/stm32h7xx_hal_i2c.o
HAL_I2C_DeInit                                    build/stm32h7xx_hal_i2c.o
HAL_I2C_DisableListen_IT                          build/stm32h7xx_hal_i2c.o
HAL_I2C_ER_IRQHandler                             build/stm32h7xx_hal_i2c.o
HAL_I2C_EV_IRQHandler                             build/stm32h7xx_hal_i2c.o
HAL_I2C_EnableListen_IT                           build/stm32h7xx_hal_i2c.o
HAL_I2C_ErrorCallback                             build/stm32h7xx_hal_i2c.o
HAL_I2C_GetError                                  build/stm32h7xx_hal_i2c.o
HAL_I2C_GetMode                                   build/stm32h7xx_hal_i2c.o
HAL_I2C_GetState                                  build/stm32h7xx_hal_i2c.o
HAL_I2C_Init                                      build/stm32h7xx_hal_i2c.o
HAL_I2C_IsDeviceReady                             build/stm32h7xx_hal_i2c.o
HAL_I2C_ListenCpltCallback                        build/stm32h7xx_hal_i2c.o
HAL_I2C_MasterRxCpltCallback                      build/stm32h7xx_hal_i2c.o
HAL_I2C_MasterTxCpltCallback                      build/stm32h7xx_hal_i2c.o
HAL_I2C_Master_Abort_IT                           build/stm32h7xx_hal_i2c.o
HAL_I2C_Master_Receive                            build/stm32h7xx_hal_i2c.o
HAL_I2C_Master_Receive_DMA                        build/stm32h7xx_hal_i2c.o
HAL_I2C_Master_Receive_IT                         build/stm32h7xx_hal_i2c.o
HAL_I2C_Master_Seq_Receive_DMA                    build/stm32h7xx_hal_i2c.o
HAL_I2C_Master_Seq_Receive_IT                     build/stm32h7xx_hal_i2c.o
HAL_I2C_Master_Seq_Transmit_DMA                   build/stm32h7xx_hal_i2c.o
HAL_I2C_Master_Seq_Transmit_IT                    build/stm32h7xx_hal_i2c.o
HAL_I2C_Master_Transmit                           build/stm32h7xx_hal_i2c.o
HAL_I2C_Master_Transmit_DMA                       build/stm32h7xx_hal_i2c.o
HAL_I2C_Master_Transmit_IT                        build/stm32h7xx_hal_i2c.o
HAL_I2C_MemRxCpltCallback                         build/stm32h7xx_hal_i2c.o
HAL_I2C_MemTxCpltCallback                         build/stm32h7xx_hal_i2c.o
HAL_I2C_Mem_Read                                  build/stm32h7xx_hal_i2c.o
HAL_I2C_Mem_Read_DMA                              build/stm32h7xx_hal_i2c.o
HAL_I2C_Mem_Read_IT                               build/stm32h7xx_hal_i2c.o
HAL_I2C_Mem_Write                                 build/stm32h7xx_hal_i2c.o
HAL_I2C_Mem_Write_DMA                             build/stm32h7xx_hal_i2c.o
HAL_I2C_Mem_Write_IT                              build/stm32h7xx_hal_i2c.o
HAL_I2C_MspDeInit                                 build/stm32h7xx_hal_i2c.o
HAL_I2C_MspInit                                   build/stm32h7xx_hal_i2c.o
HAL_I2C_SlaveRxCpltCallback                       build/stm32h7xx_hal_i2c.o
HAL_I2C_SlaveTxCpltCallback                       build/stm32h7xx_hal_i2c.o
HAL_I2C_Slave_Receive                             build/stm32h7xx_hal_i2c.o
HAL_I2C_Slave_Receive_DMA                         build/stm32h7xx_hal_i2c.o
HAL_I2C_Slave_Receive_IT                          build/stm32h7xx_hal_i2c.o
HAL_I2C_Slave_Seq_Receive_DMA                     build/stm32h7xx_hal_i2c.o
HAL_I2C_Slave_Seq_Receive_IT                      build/stm32h7xx_hal_i2c.o
HAL_I2C_Slave_Seq_Transmit_DMA                    build/stm32h7xx_hal_i2c.o
HAL_I2C_Slave_Seq_Transmit_IT                     build/stm32h7xx_hal_i2c.o
HAL_I2C_Slave_Transmit                            build/stm32h7xx_hal_i2c.o
HAL_I2C_Slave_Transmit_DMA                        build/stm32h7xx_hal_i2c.o
HAL_I2C_Slave_Transmit_IT                         build/stm32h7xx_hal_i2c.o
HAL_IncTick                                       build/stm32h7xx_hal.o
                                                  build/stm32h7xx_it.o
HAL_Init                                          build/stm32h7xx_hal.o
                                                  build/main.o
HAL_InitTick                                      build/stm32h7xx_hal.o
                                                  build/stm32h7xx_hal_rcc.o
HAL_LIN_Init                                      build/stm32h7xx_hal_uart.o
HAL_LIN_SendBreak                                 build/stm32h7xx_hal_uart.o
HAL_MDMA_Abort                                    build/stm32h7xx_hal_mdma.o
                                                  build/stm32h7xx_hal_qspi.o
HAL_MDMA_Abort_IT                                 build/stm32h7xx_hal_mdma.o
                                                  build/stm32h7xx_hal_qspi.o
HAL_MDMA_ConfigPostRequestMask                    build/stm32h7xx_hal_mdma.o
HAL_MDMA_DeInit                                   build/stm32h7xx_hal_mdma.o
                                                  build/QSPI.o
HAL_MDMA_GenerateSWRequest                        build/stm32h7xx_hal_mdma.o
HAL_MDMA_GetError                                 build/stm32h7xx_hal_mdma.o
HAL_MDMA_GetState                                 build/stm32h7xx_hal_mdma.o
HAL_MDMA_IRQHandler                               build/stm32h7xx_hal_mdma.o
HAL_MDMA_Init                                     build/stm32h7xx_hal_mdma.o
HAL_MDMA_LinkedList_AddNode                       build/stm32h7xx_hal_mdma.o
HAL_MDMA_LinkedList_CreateNode                    build/stm32h7xx_hal_mdma.o
HAL_MDMA_LinkedList_DisableCircularMode           build/stm32h7xx_hal_mdma.o
HAL_MDMA_LinkedList_EnableCircularMode            build/stm32h7xx_hal_mdma.o
HAL_MDMA_LinkedList_RemoveNode                    build/stm32h7xx_hal_mdma.o
HAL_MDMA_PollForTransfer                          build/stm32h7xx_hal_mdma.o
HAL_MDMA_RegisterCallback                         build/stm32h7xx_hal_mdma.o
HAL_MDMA_Start                                    build/stm32h7xx_hal_mdma.o
HAL_MDMA_Start_IT                                 build/stm32h7xx_hal_mdma.o
                                                  build/stm32h7xx_hal_qspi.o
HAL_MDMA_UnRegisterCallback                       build/stm32h7xx_hal_mdma.o
HAL_MPU_ConfigRegion                              build/stm32h7xx_hal_cortex.o
HAL_MPU_Disable                                   build/stm32h7xx_hal_cortex.o
HAL_MPU_DisableRegion                             build/stm32h7xx_hal_cortex.o
HAL_MPU_Enable                                    build/stm32h7xx_hal_cortex.o
HAL_MPU_EnableRegion                              build/stm32h7xx_hal_cortex.o
HAL_MspDeInit                                     build/stm32h7xx_hal.o
HAL_MspInit                                       build/stm32h7xx_hal_msp.o
HAL_MultiProcessorEx_AddressLength_Set            build/stm32h7xx_hal_uart_ex.o
HAL_MultiProcessor_DisableMuteMode                build/stm32h7xx_hal_uart.o
HAL_MultiProcessor_EnableMuteMode                 build/stm32h7xx_hal_uart.o
HAL_MultiProcessor_EnterMuteMode                  build/stm32h7xx_hal_uart.o
HAL_MultiProcessor_Init                           build/stm32h7xx_hal_uart.o
HAL_NVIC_ClearPendingIRQ                          build/stm32h7xx_hal_cortex.o
HAL_NVIC_DisableIRQ                               build/stm32h7xx_hal_cortex.o
                                                  build/QSPI.o
HAL_NVIC_EnableIRQ                                build/stm32h7xx_hal_cortex.o
                                                  build/QSPI.o
HAL_NVIC_GetActive                                build/stm32h7xx_hal_cortex.o
HAL_NVIC_GetPendingIRQ                            build/stm32h7xx_hal_cortex.o
HAL_NVIC_GetPriority                              build/stm32h7xx_hal_cortex.o
HAL_NVIC_GetPriorityGrouping                      build/stm32h7xx_hal_cortex.o
HAL_NVIC_SetPendingIRQ                            build/stm32h7xx_hal_cortex.o